[2026-01-29T00:00:06.377+0000] {local_task_job_runner.py:120} INFO - ::group::Pre task execution logs
[2026-01-29T00:00:06.468+0000] {taskinstance.py:2076} INFO - Dependencies all met for dep_context=non-requeueable deps ti=<TaskInstance: example_branch_datetime_operator.datetime_branch scheduled__2026-01-28T00:00:00+00:00 [queued]>
[2026-01-29T00:00:06.491+0000] {taskinstance.py:2076} INFO - Dependencies all met for dep_context=requeueable deps ti=<TaskInstance: example_branch_datetime_operator.datetime_branch scheduled__2026-01-28T00:00:00+00:00 [queued]>
[2026-01-29T00:00:06.492+0000] {taskinstance.py:2306} INFO - Starting attempt 1 of 1
[2026-01-29T00:00:06.537+0000] {taskinstance.py:2330} INFO - Executing <Task(BranchDateTimeOperator): datetime_branch> on 2026-01-28 00:00:00+00:00
[2026-01-29T00:00:06.547+0000] {warnings.py:112} WARNING - /home/***/.local/lib/python3.12/site-packages/***/task/task_runner/standard_task_runner.py:62: DeprecationWarning: This process (pid=12588) is multi-threaded, use of fork() may lead to deadlocks in the child.
  pid = os.fork()

[2026-01-29T00:00:06.552+0000] {standard_task_runner.py:64} INFO - Started process 12619 to run task
[2026-01-29T00:00:06.563+0000] {standard_task_runner.py:90} INFO - Running: ['***', 'tasks', 'run', 'example_branch_datetime_operator', 'datetime_branch', 'scheduled__2026-01-28T00:00:00+00:00', '--job-id', '1935', '--raw', '--subdir', '/home/***/.local/lib/python3.12/site-packages/***/example_dags/example_branch_datetime_operator.py', '--cfg-path', '/tmp/tmp9q97h7g_']
[2026-01-29T00:00:06.566+0000] {standard_task_runner.py:91} INFO - Job 1935: Subtask datetime_branch
[2026-01-29T00:00:06.699+0000] {task_command.py:426} INFO - Running <TaskInstance: example_branch_datetime_operator.datetime_branch scheduled__2026-01-28T00:00:00+00:00 [running]> on host f2808779f3b0
[2026-01-29T00:00:06.896+0000] {taskinstance.py:2648} INFO - Exporting env vars: AIRFLOW_CTX_DAG_OWNER='***' AIRFLOW_CTX_DAG_ID='example_branch_datetime_operator' AIRFLOW_CTX_TASK_ID='datetime_branch' AIRFLOW_CTX_EXECUTION_DATE='2026-01-28T00:00:00+00:00' AIRFLOW_CTX_TRY_NUMBER='1' AIRFLOW_CTX_DAG_RUN_ID='scheduled__2026-01-28T00:00:00+00:00'
[2026-01-29T00:00:06.899+0000] {taskinstance.py:430} INFO - ::endgroup::
[2026-01-29T00:00:06.901+0000] {branch.py:36} INFO - Branch into ['date_outside_range']
[2026-01-29T00:00:06.902+0000] {skipmixin.py:178} INFO - Following branch ['date_outside_range']
[2026-01-29T00:00:06.935+0000] {skipmixin.py:246} INFO - Skipping tasks [('date_in_range', -1)]
[2026-01-29T00:00:06.969+0000] {taskinstance.py:441} INFO - ::group::Post task execution logs
[2026-01-29T00:00:07.016+0000] {taskinstance.py:1206} INFO - Marking task as SUCCESS. dag_id=example_branch_datetime_operator, task_id=datetime_branch, run_id=scheduled__2026-01-28T00:00:00+00:00, execution_date=20260128T000000, start_date=20260129T000006, end_date=20260129T000007
[2026-01-29T00:00:07.137+0000] {local_task_job_runner.py:243} INFO - Task exited with return code 0
[2026-01-29T00:00:07.164+0000] {taskinstance.py:3503} INFO - 0 downstream tasks scheduled from follow-on schedule check
[2026-01-29T00:00:07.170+0000] {local_task_job_runner.py:222} INFO - ::endgroup::
