[2026-01-28T16:11:22.987+0000] {local_task_job_runner.py:120} INFO - ::group::Pre task execution logs
[2026-01-28T16:11:23.022+0000] {taskinstance.py:2076} INFO - Dependencies all met for dep_context=non-requeueable deps ti=<TaskInstance: example_branch_operator.branching_venv scheduled__2026-01-27T00:00:00+00:00 [queued]>
[2026-01-28T16:11:23.034+0000] {taskinstance.py:2076} INFO - Dependencies all met for dep_context=requeueable deps ti=<TaskInstance: example_branch_operator.branching_venv scheduled__2026-01-27T00:00:00+00:00 [queued]>
[2026-01-28T16:11:23.035+0000] {taskinstance.py:2306} INFO - Starting attempt 1 of 1
[2026-01-28T16:11:23.052+0000] {taskinstance.py:2330} INFO - Executing <Task(BranchPythonVirtualenvOperator): branching_venv> on 2026-01-27 00:00:00+00:00
[2026-01-28T16:11:23.058+0000] {warnings.py:112} WARNING - /home/***/.local/lib/python3.12/site-packages/***/task/task_runner/standard_task_runner.py:62: DeprecationWarning: This process (pid=797) is multi-threaded, use of fork() may lead to deadlocks in the child.
  pid = os.fork()

[2026-01-28T16:11:23.059+0000] {standard_task_runner.py:64} INFO - Started process 802 to run task
[2026-01-28T16:11:23.060+0000] {standard_task_runner.py:90} INFO - Running: ['***', 'tasks', 'run', 'example_branch_operator', 'branching_venv', 'scheduled__2026-01-27T00:00:00+00:00', '--job-id', '35', '--raw', '--subdir', '/home/***/.local/lib/python3.12/site-packages/***/example_dags/example_branch_operator.py', '--cfg-path', '/tmp/tmp8ou7ory7']
[2026-01-28T16:11:23.062+0000] {standard_task_runner.py:91} INFO - Job 35: Subtask branching_venv
[2026-01-28T16:11:23.112+0000] {task_command.py:426} INFO - Running <TaskInstance: example_branch_operator.branching_venv scheduled__2026-01-27T00:00:00+00:00 [running]> on host f2808779f3b0
[2026-01-28T16:11:23.203+0000] {taskinstance.py:2648} INFO - Exporting env vars: AIRFLOW_CTX_DAG_OWNER='***' AIRFLOW_CTX_DAG_ID='example_branch_operator' AIRFLOW_CTX_TASK_ID='branching_venv' AIRFLOW_CTX_EXECUTION_DATE='2026-01-27T00:00:00+00:00' AIRFLOW_CTX_TRY_NUMBER='1' AIRFLOW_CTX_DAG_RUN_ID='scheduled__2026-01-27T00:00:00+00:00'
[2026-01-28T16:11:23.204+0000] {taskinstance.py:430} INFO - ::endgroup::
[2026-01-28T16:11:23.204+0000] {baseoperator.py:400} WARNING - BranchPythonVirtualenvOperator.execute cannot be called outside TaskInstance!
[2026-01-28T16:11:23.205+0000] {baseoperator.py:400} WARNING - BranchPythonVirtualenvOperator.execute cannot be called outside TaskInstance!
[2026-01-28T16:11:23.213+0000] {python.py:708} INFO - Python virtual environment will be cached in /tmp/venv-5ea997a7
[2026-01-28T16:11:23.214+0000] {process_utils.py:183} INFO - Executing cmd: /home/***/.local/bin/python -m virtualenv /tmp/venv-5ea997a7 --system-site-packages --python=python
[2026-01-28T16:11:23.215+0000] {process_utils.py:187} INFO - Output:
[2026-01-28T16:11:24.787+0000] {process_utils.py:191} INFO - created virtual environment CPython3.12.4.final.0-64 in 839ms
[2026-01-28T16:11:24.787+0000] {process_utils.py:191} INFO -   creator CPython3Posix(dest=/tmp/venv-5ea997a7, clear=False, no_vcs_ignore=False, global=True)
[2026-01-28T16:11:24.788+0000] {process_utils.py:191} INFO -   seeder FromAppData(download=False, pip=bundle, via=copy, app_data_dir=/home/***/.local/share/virtualenv)
[2026-01-28T16:11:24.788+0000] {process_utils.py:191} INFO -     added seed packages: pip==24.1
[2026-01-28T16:11:24.788+0000] {process_utils.py:191} INFO -   activators BashActivator,CShellActivator,FishActivator,NushellActivator,PowerShellActivator,PythonActivator
[2026-01-28T16:11:24.837+0000] {process_utils.py:183} INFO - Executing cmd: /tmp/venv-5ea997a7/bin/pip install -r /tmp/venv-5ea997a7/requirements.txt
[2026-01-28T16:11:24.838+0000] {process_utils.py:187} INFO - Output:
[2026-01-28T16:11:27.526+0000] {process_utils.py:191} INFO - Requirement already satisfied: numpy~=1.26.0 in /home/***/.local/lib/python3.12/site-packages (from -r /tmp/venv-5ea997a7/requirements.txt (line 1)) (1.26.4)
[2026-01-28T16:11:28.736+0000] {process_utils.py:191} INFO - 
[2026-01-28T16:11:28.737+0000] {process_utils.py:191} INFO - [notice] A new release of pip is available: 24.1 -> 25.3
[2026-01-28T16:11:28.738+0000] {process_utils.py:191} INFO - [notice] To update, run: python -m pip install --upgrade pip
[2026-01-28T16:11:28.856+0000] {python.py:746} INFO - New Python virtual environment created in /tmp/venv-5ea997a7
[2026-01-28T16:11:28.868+0000] {process_utils.py:183} INFO - Executing cmd: /tmp/venv-5ea997a7/bin/python /tmp/venv-callj2xu5go0/script.py /tmp/venv-callj2xu5go0/script.in /tmp/venv-callj2xu5go0/script.out /tmp/venv-callj2xu5go0/string_args.txt /tmp/venv-callj2xu5go0/termination.log
[2026-01-28T16:11:28.868+0000] {process_utils.py:187} INFO - Output:
[2026-01-28T16:11:30.610+0000] {process_utils.py:191} INFO - /home/***/.local/lib/python3.12/site-packages/***/metrics/statsd_logger.py:184 RemovedInAirflow3Warning: The basic metric validator will be deprecated in the future in favor of pattern-matching.  You can try this now by setting config option metrics_use_pattern_match to True.
[2026-01-28T16:11:31.338+0000] {process_utils.py:191} INFO - Some numpy stuff: [0 1 2 3 4 5]
[2026-01-28T16:11:31.631+0000] {python.py:237} INFO - Done. Returned value was: venv_c
[2026-01-28T16:11:31.631+0000] {branch.py:36} INFO - Branch into venv_c
[2026-01-28T16:11:31.632+0000] {skipmixin.py:178} INFO - Following branch venv_c
[2026-01-28T16:11:31.666+0000] {skipmixin.py:246} INFO - Skipping tasks [('venv_b', -1), ('venv_a', -1), ('venv_d', -1)]
[2026-01-28T16:11:31.747+0000] {taskinstance.py:441} INFO - ::group::Post task execution logs
[2026-01-28T16:11:31.769+0000] {taskinstance.py:1206} INFO - Marking task as SUCCESS. dag_id=example_branch_operator, task_id=branching_venv, run_id=scheduled__2026-01-27T00:00:00+00:00, execution_date=20260127T000000, start_date=20260128T161123, end_date=20260128T161131
[2026-01-28T16:11:31.821+0000] {local_task_job_runner.py:243} INFO - Task exited with return code 0
[2026-01-28T16:11:31.850+0000] {taskinstance.py:3503} INFO - 1 downstream tasks scheduled from follow-on schedule check
[2026-01-28T16:11:31.853+0000] {local_task_job_runner.py:222} INFO - ::endgroup::
