[2026-01-28T16:12:17.404+0000] {local_task_job_runner.py:120} INFO - ::group::Pre task execution logs
[2026-01-28T16:12:17.427+0000] {taskinstance.py:2076} INFO - Dependencies all met for dep_context=non-requeueable deps ti=<TaskInstance: example_subdag_operator.section-2 scheduled__2022-01-01T00:00:00+00:00 [queued]>
[2026-01-28T16:12:17.434+0000] {taskinstance.py:2076} INFO - Dependencies all met for dep_context=requeueable deps ti=<TaskInstance: example_subdag_operator.section-2 scheduled__2022-01-01T00:00:00+00:00 [queued]>
[2026-01-28T16:12:17.434+0000] {taskinstance.py:2306} INFO - Starting attempt 1 of 3
[2026-01-28T16:12:17.450+0000] {taskinstance.py:2330} INFO - Executing <Task(SubDagOperator): section-2> on 2022-01-01 00:00:00+00:00
[2026-01-28T16:12:17.455+0000] {warnings.py:112} WARNING - /home/***/.local/lib/python3.12/site-packages/***/task/task_runner/standard_task_runner.py:62: DeprecationWarning: This process (pid=956) is multi-threaded, use of fork() may lead to deadlocks in the child.
  pid = os.fork()

[2026-01-28T16:12:17.456+0000] {standard_task_runner.py:64} INFO - Started process 958 to run task
[2026-01-28T16:12:17.457+0000] {standard_task_runner.py:90} INFO - Running: ['***', 'tasks', 'run', 'example_subdag_operator', 'section-2', 'scheduled__2022-01-01T00:00:00+00:00', '--job-id', '45', '--raw', '--subdir', '/home/***/.local/lib/python3.12/site-packages/***/example_dags/example_subdag_operator.py', '--cfg-path', '/tmp/tmp8yd8qc1c']
[2026-01-28T16:12:17.459+0000] {standard_task_runner.py:91} INFO - Job 45: Subtask section-2
[2026-01-28T16:12:17.502+0000] {task_command.py:426} INFO - Running <TaskInstance: example_subdag_operator.section-2 scheduled__2022-01-01T00:00:00+00:00 [running]> on host f2808779f3b0
[2026-01-28T16:12:17.590+0000] {taskinstance.py:2648} INFO - Exporting env vars: AIRFLOW_CTX_DAG_OWNER='***' AIRFLOW_CTX_DAG_ID='example_subdag_operator' AIRFLOW_CTX_TASK_ID='section-2' AIRFLOW_CTX_EXECUTION_DATE='2022-01-01T00:00:00+00:00' AIRFLOW_CTX_TRY_NUMBER='1' AIRFLOW_CTX_DAG_RUN_ID='scheduled__2022-01-01T00:00:00+00:00'
[2026-01-28T16:12:17.591+0000] {warnings.py:112} WARNING - /home/***/.local/lib/python3.12/site-packages/***/utils/context.py:212: AirflowContextDeprecationWarning: Accessing 'execution_date' from the template is deprecated and will be removed in a future version. Please use 'data_interval_start' or 'logical_date' instead.
  warnings.warn(_create_deprecation_warning(key, self._deprecation_replacements[key]))

[2026-01-28T16:12:17.622+0000] {subdag.py:180} INFO - Created DagRun: scheduled__2022-01-01T00:00:00+00:00
[2026-01-28T16:12:17.623+0000] {taskinstance.py:430} INFO - ::endgroup::
[2026-01-28T16:13:17.637+0000] {base.py:294} INFO - Success criteria met. Exiting.
[2026-01-28T16:13:17.638+0000] {taskinstance.py:441} INFO - ::group::Post task execution logs
[2026-01-28T16:13:17.645+0000] {subdag.py:195} INFO - Execution finished. State is success
[2026-01-28T16:13:17.659+0000] {taskinstance.py:1206} INFO - Marking task as SUCCESS. dag_id=example_subdag_operator, task_id=section-2, run_id=scheduled__2022-01-01T00:00:00+00:00, execution_date=20220101T000000, start_date=20260128T161217, end_date=20260128T161317
[2026-01-28T16:13:17.711+0000] {local_task_job_runner.py:243} INFO - Task exited with return code 0
[2026-01-28T16:13:17.740+0000] {taskinstance.py:3503} INFO - 0 downstream tasks scheduled from follow-on schedule check
[2026-01-28T16:13:17.744+0000] {local_task_job_runner.py:222} INFO - ::endgroup::
