[2026-01-29T00:00:06.024+0000] {local_task_job_runner.py:120} INFO - ::group::Pre task execution logs
[2026-01-29T00:00:06.100+0000] {taskinstance.py:2076} INFO - Dependencies all met for dep_context=non-requeueable deps ti=<TaskInstance: tutorial.print_date scheduled__2026-01-28T00:00:00+00:00 [queued]>
[2026-01-29T00:00:06.127+0000] {taskinstance.py:2076} INFO - Dependencies all met for dep_context=requeueable deps ti=<TaskInstance: tutorial.print_date scheduled__2026-01-28T00:00:00+00:00 [queued]>
[2026-01-29T00:00:06.127+0000] {taskinstance.py:2306} INFO - Starting attempt 1 of 2
[2026-01-29T00:00:06.232+0000] {taskinstance.py:2330} INFO - Executing <Task(BashOperator): print_date> on 2026-01-28 00:00:00+00:00
[2026-01-29T00:00:06.267+0000] {warnings.py:112} WARNING - /home/***/.local/lib/python3.12/site-packages/***/task/task_runner/standard_task_runner.py:62: DeprecationWarning: This process (pid=12578) is multi-threaded, use of fork() may lead to deadlocks in the child.
  pid = os.fork()

[2026-01-29T00:00:06.302+0000] {standard_task_runner.py:64} INFO - Started process 12616 to run task
[2026-01-29T00:00:06.299+0000] {standard_task_runner.py:90} INFO - Running: ['***', 'tasks', 'run', 'tutorial', 'print_date', 'scheduled__2026-01-28T00:00:00+00:00', '--job-id', '1931', '--raw', '--subdir', '/home/***/.local/lib/python3.12/site-packages/***/example_dags/tutorial.py', '--cfg-path', '/tmp/tmp7yg66ucp']
[2026-01-29T00:00:06.318+0000] {standard_task_runner.py:91} INFO - Job 1931: Subtask print_date
[2026-01-29T00:00:06.455+0000] {task_command.py:426} INFO - Running <TaskInstance: tutorial.print_date scheduled__2026-01-28T00:00:00+00:00 [running]> on host f2808779f3b0
[2026-01-29T00:00:06.681+0000] {taskinstance.py:2648} INFO - Exporting env vars: AIRFLOW_CTX_DAG_EMAIL='***@example.com' AIRFLOW_CTX_DAG_OWNER='***' AIRFLOW_CTX_DAG_ID='tutorial' AIRFLOW_CTX_TASK_ID='print_date' AIRFLOW_CTX_EXECUTION_DATE='2026-01-28T00:00:00+00:00' AIRFLOW_CTX_TRY_NUMBER='1' AIRFLOW_CTX_DAG_RUN_ID='scheduled__2026-01-28T00:00:00+00:00'
[2026-01-29T00:00:06.683+0000] {taskinstance.py:430} INFO - ::endgroup::
[2026-01-29T00:00:06.684+0000] {subprocess.py:63} INFO - Tmp dir root location: /tmp
[2026-01-29T00:00:06.688+0000] {subprocess.py:75} INFO - Running command: ['/usr/bin/bash', '-c', 'date']
[2026-01-29T00:00:06.719+0000] {subprocess.py:86} INFO - Output:
[2026-01-29T00:00:06.727+0000] {subprocess.py:93} INFO - Thu Jan 29 00:00:06 UTC 2026
[2026-01-29T00:00:06.730+0000] {subprocess.py:97} INFO - Command exited with return code 0
[2026-01-29T00:00:06.730+0000] {taskinstance.py:441} INFO - ::group::Post task execution logs
[2026-01-29T00:00:06.786+0000] {taskinstance.py:1206} INFO - Marking task as SUCCESS. dag_id=tutorial, task_id=print_date, run_id=scheduled__2026-01-28T00:00:00+00:00, execution_date=20260128T000000, start_date=20260129T000006, end_date=20260129T000006
[2026-01-29T00:00:06.822+0000] {local_task_job_runner.py:243} INFO - Task exited with return code 0
[2026-01-29T00:00:06.856+0000] {taskinstance.py:3503} INFO - 2 downstream tasks scheduled from follow-on schedule check
[2026-01-29T00:00:06.860+0000] {local_task_job_runner.py:222} INFO - ::endgroup::
