[2026-01-29T00:00:13.055+0000] {local_task_job_runner.py:120} INFO - ::group::Pre task execution logs
[2026-01-29T00:00:13.083+0000] {taskinstance.py:2076} INFO - Dependencies all met for dep_context=non-requeueable deps ti=<TaskInstance: consume_1_or_2_with_dataset_expressions.consume_1_or_2_with_dataset_expressions dataset_triggered__2026-01-29T00:00:10.306137+00:00 [queued]>
[2026-01-29T00:00:13.093+0000] {taskinstance.py:2076} INFO - Dependencies all met for dep_context=requeueable deps ti=<TaskInstance: consume_1_or_2_with_dataset_expressions.consume_1_or_2_with_dataset_expressions dataset_triggered__2026-01-29T00:00:10.306137+00:00 [queued]>
[2026-01-29T00:00:13.094+0000] {taskinstance.py:2306} INFO - Starting attempt 1 of 1
[2026-01-29T00:00:13.117+0000] {taskinstance.py:2330} INFO - Executing <Task(BashOperator): consume_1_or_2_with_dataset_expressions> on 2026-01-29 00:00:10.306137+00:00
[2026-01-29T00:00:13.123+0000] {warnings.py:112} WARNING - /home/***/.local/lib/python3.12/site-packages/***/task/task_runner/standard_task_runner.py:62: DeprecationWarning: This process (pid=12659) is multi-threaded, use of fork() may lead to deadlocks in the child.
  pid = os.fork()

[2026-01-29T00:00:13.125+0000] {standard_task_runner.py:64} INFO - Started process 12667 to run task
[2026-01-29T00:00:13.125+0000] {standard_task_runner.py:90} INFO - Running: ['***', 'tasks', 'run', 'consume_1_or_2_with_dataset_expressions', 'consume_1_or_2_with_dataset_expressions', 'dataset_triggered__2026-01-29T00:00:10.306137+00:00', '--job-id', '1947', '--raw', '--subdir', '/home/***/.local/lib/python3.12/site-packages/***/example_dags/example_datasets.py', '--cfg-path', '/tmp/tmp8vu__d17']
[2026-01-29T00:00:13.128+0000] {standard_task_runner.py:91} INFO - Job 1947: Subtask consume_1_or_2_with_dataset_expressions
[2026-01-29T00:00:13.183+0000] {task_command.py:426} INFO - Running <TaskInstance: consume_1_or_2_with_dataset_expressions.consume_1_or_2_with_dataset_expressions dataset_triggered__2026-01-29T00:00:10.306137+00:00 [running]> on host f2808779f3b0
[2026-01-29T00:00:13.301+0000] {taskinstance.py:2648} INFO - Exporting env vars: AIRFLOW_CTX_DAG_OWNER='***' AIRFLOW_CTX_DAG_ID='consume_1_or_2_with_dataset_expressions' AIRFLOW_CTX_TASK_ID='consume_1_or_2_with_dataset_expressions' AIRFLOW_CTX_EXECUTION_DATE='2026-01-29T00:00:10.306137+00:00' AIRFLOW_CTX_TRY_NUMBER='1' AIRFLOW_CTX_DAG_RUN_ID='dataset_triggered__2026-01-29T00:00:10.306137+00:00'
[2026-01-29T00:00:13.302+0000] {taskinstance.py:430} INFO - ::endgroup::
[2026-01-29T00:00:13.303+0000] {subprocess.py:63} INFO - Tmp dir root location: /tmp
[2026-01-29T00:00:13.304+0000] {subprocess.py:75} INFO - Running command: ['/usr/bin/bash', '-c', 'sleep 5']
[2026-01-29T00:00:13.321+0000] {subprocess.py:86} INFO - Output:
[2026-01-29T00:00:18.324+0000] {subprocess.py:97} INFO - Command exited with return code 0
[2026-01-29T00:00:18.325+0000] {taskinstance.py:441} INFO - ::group::Post task execution logs
[2026-01-29T00:00:18.359+0000] {taskinstance.py:1206} INFO - Marking task as SUCCESS. dag_id=consume_1_or_2_with_dataset_expressions, task_id=consume_1_or_2_with_dataset_expressions, run_id=dataset_triggered__2026-01-29T00:00:10.306137+00:00, execution_date=20260129T000010, start_date=20260129T000013, end_date=20260129T000018
[2026-01-29T00:00:18.390+0000] {local_task_job_runner.py:243} INFO - Task exited with return code 0
[2026-01-29T00:00:18.404+0000] {taskinstance.py:3503} INFO - 0 downstream tasks scheduled from follow-on schedule check
[2026-01-29T00:00:18.407+0000] {local_task_job_runner.py:222} INFO - ::endgroup::
