[2026-01-29T00:00:19.224+0000] {local_task_job_runner.py:120} INFO - ::group::Pre task execution logs
[2026-01-29T00:00:19.252+0000] {taskinstance.py:2076} INFO - Dependencies all met for dep_context=non-requeueable deps ti=<TaskInstance: example_branch_python_operator_decorator.ext_py_b scheduled__2026-01-28T00:00:00+00:00 [queued]>
[2026-01-29T00:00:19.262+0000] {taskinstance.py:2076} INFO - Dependencies all met for dep_context=requeueable deps ti=<TaskInstance: example_branch_python_operator_decorator.ext_py_b scheduled__2026-01-28T00:00:00+00:00 [queued]>
[2026-01-29T00:00:19.262+0000] {taskinstance.py:2306} INFO - Starting attempt 1 of 1
[2026-01-29T00:00:19.278+0000] {taskinstance.py:2330} INFO - Executing <Task(_PythonExternalDecoratedOperator): ext_py_b> on 2026-01-28 00:00:00+00:00
[2026-01-29T00:00:19.286+0000] {warnings.py:112} WARNING - /home/***/.local/lib/python3.12/site-packages/***/task/task_runner/standard_task_runner.py:62: DeprecationWarning: This process (pid=12695) is multi-threaded, use of fork() may lead to deadlocks in the child.
  pid = os.fork()

[2026-01-29T00:00:19.287+0000] {standard_task_runner.py:64} INFO - Started process 12699 to run task
[2026-01-29T00:00:19.288+0000] {standard_task_runner.py:90} INFO - Running: ['***', 'tasks', 'run', 'example_branch_python_operator_decorator', 'ext_py_b', 'scheduled__2026-01-28T00:00:00+00:00', '--job-id', '1952', '--raw', '--subdir', '/home/***/.local/lib/python3.12/site-packages/***/example_dags/example_branch_operator_decorator.py', '--cfg-path', '/tmp/tmprzwbdvk5']
[2026-01-29T00:00:19.290+0000] {standard_task_runner.py:91} INFO - Job 1952: Subtask ext_py_b
[2026-01-29T00:00:19.339+0000] {task_command.py:426} INFO - Running <TaskInstance: example_branch_python_operator_decorator.ext_py_b scheduled__2026-01-28T00:00:00+00:00 [running]> on host f2808779f3b0
[2026-01-29T00:00:19.434+0000] {taskinstance.py:2648} INFO - Exporting env vars: AIRFLOW_CTX_DAG_OWNER='***' AIRFLOW_CTX_DAG_ID='example_branch_python_operator_decorator' AIRFLOW_CTX_TASK_ID='ext_py_b' AIRFLOW_CTX_EXECUTION_DATE='2026-01-28T00:00:00+00:00' AIRFLOW_CTX_TRY_NUMBER='1' AIRFLOW_CTX_DAG_RUN_ID='scheduled__2026-01-28T00:00:00+00:00'
[2026-01-29T00:00:19.436+0000] {taskinstance.py:430} INFO - ::endgroup::
[2026-01-29T00:00:19.900+0000] {process_utils.py:183} INFO - Executing cmd: /home/***/.local/bin/python /tmp/venv-call2w2vk20c/script.py /tmp/venv-call2w2vk20c/script.in /tmp/venv-call2w2vk20c/script.out /tmp/venv-call2w2vk20c/string_args.txt /tmp/venv-call2w2vk20c/termination.log
[2026-01-29T00:00:19.901+0000] {process_utils.py:187} INFO - Output:
[2026-01-29T00:00:21.709+0000] {process_utils.py:191} INFO - /home/***/.local/lib/python3.12/site-packages/***/metrics/statsd_logger.py:184 RemovedInAirflow3Warning: The basic metric validator will be deprecated in the future in favor of pattern-matching.  You can try this now by setting config option metrics_use_pattern_match to True.
[2026-01-29T00:00:22.443+0000] {process_utils.py:191} INFO - doing something in external Python
[2026-01-29T00:00:22.760+0000] {python.py:237} INFO - Done. Returned value was: None
[2026-01-29T00:00:22.761+0000] {taskinstance.py:441} INFO - ::group::Post task execution logs
[2026-01-29T00:00:22.771+0000] {taskinstance.py:1206} INFO - Marking task as SUCCESS. dag_id=example_branch_python_operator_decorator, task_id=ext_py_b, run_id=scheduled__2026-01-28T00:00:00+00:00, execution_date=20260128T000000, start_date=20260129T000019, end_date=20260129T000022
[2026-01-29T00:00:22.829+0000] {local_task_job_runner.py:243} INFO - Task exited with return code 0
[2026-01-29T00:00:22.856+0000] {taskinstance.py:3503} INFO - 0 downstream tasks scheduled from follow-on schedule check
[2026-01-29T00:00:22.859+0000] {local_task_job_runner.py:222} INFO - ::endgroup::
