[2026-01-29T00:00:06.222+0000] {local_task_job_runner.py:120} INFO - ::group::Pre task execution logs
[2026-01-29T00:00:06.321+0000] {taskinstance.py:2076} INFO - Dependencies all met for dep_context=non-requeueable deps ti=<TaskInstance: example_branch_python_operator_decorator.branching scheduled__2026-01-28T00:00:00+00:00 [queued]>
[2026-01-29T00:00:06.334+0000] {taskinstance.py:2076} INFO - Dependencies all met for dep_context=requeueable deps ti=<TaskInstance: example_branch_python_operator_decorator.branching scheduled__2026-01-28T00:00:00+00:00 [queued]>
[2026-01-29T00:00:06.334+0000] {taskinstance.py:2306} INFO - Starting attempt 1 of 1
[2026-01-29T00:00:06.381+0000] {taskinstance.py:2330} INFO - Executing <Task(_BranchPythonDecoratedOperator): branching> on 2026-01-28 00:00:00+00:00
[2026-01-29T00:00:06.390+0000] {warnings.py:112} WARNING - /home/***/.local/lib/python3.12/site-packages/***/task/task_runner/standard_task_runner.py:62: DeprecationWarning: This process (pid=12587) is multi-threaded, use of fork() may lead to deadlocks in the child.
  pid = os.fork()

[2026-01-29T00:00:06.391+0000] {standard_task_runner.py:64} INFO - Started process 12618 to run task
[2026-01-29T00:00:06.395+0000] {standard_task_runner.py:90} INFO - Running: ['***', 'tasks', 'run', 'example_branch_python_operator_decorator', 'branching', 'scheduled__2026-01-28T00:00:00+00:00', '--job-id', '1934', '--raw', '--subdir', '/home/***/.local/lib/python3.12/site-packages/***/example_dags/example_branch_operator_decorator.py', '--cfg-path', '/tmp/tmphvm4097h']
[2026-01-29T00:00:06.401+0000] {standard_task_runner.py:91} INFO - Job 1934: Subtask branching
[2026-01-29T00:00:06.510+0000] {task_command.py:426} INFO - Running <TaskInstance: example_branch_python_operator_decorator.branching scheduled__2026-01-28T00:00:00+00:00 [running]> on host f2808779f3b0
[2026-01-29T00:00:06.733+0000] {taskinstance.py:2648} INFO - Exporting env vars: AIRFLOW_CTX_DAG_OWNER='***' AIRFLOW_CTX_DAG_ID='example_branch_python_operator_decorator' AIRFLOW_CTX_TASK_ID='branching' AIRFLOW_CTX_EXECUTION_DATE='2026-01-28T00:00:00+00:00' AIRFLOW_CTX_TRY_NUMBER='1' AIRFLOW_CTX_DAG_RUN_ID='scheduled__2026-01-28T00:00:00+00:00'
[2026-01-29T00:00:06.735+0000] {taskinstance.py:430} INFO - ::endgroup::
[2026-01-29T00:00:06.736+0000] {python.py:237} INFO - Done. Returned value was: branch_c
[2026-01-29T00:00:06.737+0000] {branch.py:36} INFO - Branch into branch_c
[2026-01-29T00:00:06.739+0000] {skipmixin.py:178} INFO - Following branch branch_c
[2026-01-29T00:00:06.801+0000] {skipmixin.py:246} INFO - Skipping tasks [('branch_b', -1), ('branch_a', -1), ('branch_d', -1)]
[2026-01-29T00:00:06.864+0000] {taskinstance.py:441} INFO - ::group::Post task execution logs
[2026-01-29T00:00:06.910+0000] {taskinstance.py:1206} INFO - Marking task as SUCCESS. dag_id=example_branch_python_operator_decorator, task_id=branching, run_id=scheduled__2026-01-28T00:00:00+00:00, execution_date=20260128T000000, start_date=20260129T000006, end_date=20260129T000006
[2026-01-29T00:00:06.950+0000] {local_task_job_runner.py:243} INFO - Task exited with return code 0
[2026-01-29T00:00:07.018+0000] {taskinstance.py:3503} INFO - 1 downstream tasks scheduled from follow-on schedule check
[2026-01-29T00:00:07.026+0000] {local_task_job_runner.py:222} INFO - ::endgroup::
