[2026-01-28T15:39:25.863+0000] {local_task_job_runner.py:120} INFO - ::group::Pre task execution logs
[2026-01-28T15:39:25.902+0000] {taskinstance.py:2076} INFO - Dependencies all met for dep_context=non-requeueable deps ti=<TaskInstance: example_branch_datetime_operator_2.datetime_branch scheduled__2026-01-27T00:00:00+00:00 [queued]>
[2026-01-28T15:39:25.912+0000] {taskinstance.py:2076} INFO - Dependencies all met for dep_context=requeueable deps ti=<TaskInstance: example_branch_datetime_operator_2.datetime_branch scheduled__2026-01-27T00:00:00+00:00 [queued]>
[2026-01-28T15:39:25.913+0000] {taskinstance.py:2306} INFO - Starting attempt 1 of 1
[2026-01-28T15:39:25.935+0000] {taskinstance.py:2330} INFO - Executing <Task(BranchDateTimeOperator): datetime_branch> on 2026-01-27 00:00:00+00:00
[2026-01-28T15:39:25.944+0000] {warnings.py:112} WARNING - /home/***/.local/lib/python3.12/site-packages/***/task/task_runner/standard_task_runner.py:62: DeprecationWarning: This process (pid=262) is multi-threaded, use of fork() may lead to deadlocks in the child.
  pid = os.fork()

[2026-01-28T15:39:25.946+0000] {standard_task_runner.py:64} INFO - Started process 281 to run task
[2026-01-28T15:39:25.946+0000] {standard_task_runner.py:90} INFO - Running: ['***', 'tasks', 'run', 'example_branch_datetime_operator_2', 'datetime_branch', 'scheduled__2026-01-27T00:00:00+00:00', '--job-id', '12', '--raw', '--subdir', '/home/***/.local/lib/python3.12/site-packages/***/example_dags/example_branch_datetime_operator.py', '--cfg-path', '/tmp/tmpjxiepupv']
[2026-01-28T15:39:25.950+0000] {standard_task_runner.py:91} INFO - Job 12: Subtask datetime_branch
[2026-01-28T15:39:26.005+0000] {task_command.py:426} INFO - Running <TaskInstance: example_branch_datetime_operator_2.datetime_branch scheduled__2026-01-27T00:00:00+00:00 [running]> on host f2808779f3b0
[2026-01-28T15:39:26.107+0000] {taskinstance.py:2648} INFO - Exporting env vars: AIRFLOW_CTX_DAG_OWNER='***' AIRFLOW_CTX_DAG_ID='example_branch_datetime_operator_2' AIRFLOW_CTX_TASK_ID='datetime_branch' AIRFLOW_CTX_EXECUTION_DATE='2026-01-27T00:00:00+00:00' AIRFLOW_CTX_TRY_NUMBER='1' AIRFLOW_CTX_DAG_RUN_ID='scheduled__2026-01-27T00:00:00+00:00'
[2026-01-28T15:39:26.108+0000] {taskinstance.py:430} INFO - ::endgroup::
[2026-01-28T15:39:26.109+0000] {branch.py:36} INFO - Branch into ['date_in_range']
[2026-01-28T15:39:26.109+0000] {skipmixin.py:178} INFO - Following branch ['date_in_range']
[2026-01-28T15:39:26.131+0000] {skipmixin.py:246} INFO - Skipping tasks [('date_outside_range', -1)]
[2026-01-28T15:39:26.160+0000] {taskinstance.py:441} INFO - ::group::Post task execution logs
[2026-01-28T15:39:26.185+0000] {taskinstance.py:1206} INFO - Marking task as SUCCESS. dag_id=example_branch_datetime_operator_2, task_id=datetime_branch, run_id=scheduled__2026-01-27T00:00:00+00:00, execution_date=20260127T000000, start_date=20260128T153925, end_date=20260128T153926
[2026-01-28T15:39:26.243+0000] {local_task_job_runner.py:243} INFO - Task exited with return code 0
[2026-01-28T15:39:26.272+0000] {taskinstance.py:3503} INFO - 0 downstream tasks scheduled from follow-on schedule check
[2026-01-28T15:39:26.275+0000] {local_task_job_runner.py:222} INFO - ::endgroup::
