[2026-01-29T05:23:01.785+0000] {local_task_job_runner.py:120} INFO - ::group::Pre task execution logs
[2026-01-29T05:23:01.821+0000] {taskinstance.py:2076} INFO - Dependencies all met for dep_context=non-requeueable deps ti=<TaskInstance: example_branch_dop_operator_v3.should_run scheduled__2026-01-29T05:22:00+00:00 [queued]>
[2026-01-29T05:23:01.831+0000] {taskinstance.py:2076} INFO - Dependencies all met for dep_context=requeueable deps ti=<TaskInstance: example_branch_dop_operator_v3.should_run scheduled__2026-01-29T05:22:00+00:00 [queued]>
[2026-01-29T05:23:01.832+0000] {taskinstance.py:2306} INFO - Starting attempt 1 of 1
[2026-01-29T05:23:01.847+0000] {taskinstance.py:2330} INFO - Executing <Task(_BranchPythonDecoratedOperator): should_run> on 2026-01-29 05:22:00+00:00
[2026-01-29T05:23:01.854+0000] {warnings.py:112} WARNING - /home/***/.local/lib/python3.12/site-packages/***/task/task_runner/standard_task_runner.py:62: DeprecationWarning: This process (pid=20775) is multi-threaded, use of fork() may lead to deadlocks in the child.
  pid = os.fork()

[2026-01-29T05:23:01.855+0000] {standard_task_runner.py:64} INFO - Started process 20782 to run task
[2026-01-29T05:23:01.855+0000] {standard_task_runner.py:90} INFO - Running: ['***', 'tasks', 'run', 'example_branch_dop_operator_v3', 'should_run', 'scheduled__2026-01-29T05:22:00+00:00', '--job-id', '3247', '--raw', '--subdir', '/home/***/.local/lib/python3.12/site-packages/***/example_dags/example_branch_python_dop_operator_3.py', '--cfg-path', '/tmp/tmpqozu6ory']
[2026-01-29T05:23:01.858+0000] {standard_task_runner.py:91} INFO - Job 3247: Subtask should_run
[2026-01-29T05:23:01.908+0000] {task_command.py:426} INFO - Running <TaskInstance: example_branch_dop_operator_v3.should_run scheduled__2026-01-29T05:22:00+00:00 [running]> on host f2808779f3b0
[2026-01-29T05:23:02.027+0000] {taskinstance.py:2648} INFO - Exporting env vars: AIRFLOW_CTX_DAG_OWNER='***' AIRFLOW_CTX_DAG_ID='example_branch_dop_operator_v3' AIRFLOW_CTX_TASK_ID='should_run' AIRFLOW_CTX_EXECUTION_DATE='2026-01-29T05:22:00+00:00' AIRFLOW_CTX_TRY_NUMBER='1' AIRFLOW_CTX_DAG_RUN_ID='scheduled__2026-01-29T05:22:00+00:00'
[2026-01-29T05:23:02.029+0000] {taskinstance.py:430} INFO - ::endgroup::
[2026-01-29T05:23:02.029+0000] {warnings.py:112} WARNING - /home/***/.local/lib/python3.12/site-packages/***/utils/context.py:320: AirflowContextDeprecationWarning: Accessing 'execution_date' from the template is deprecated and will be removed in a future version. Please use 'data_interval_start' or 'logical_date' instead.
  warnings.warn(_create_deprecation_warning(k, replacements))

[2026-01-29T05:23:02.030+0000] {logging_mixin.py:188} INFO - ------------- exec dttm = 2026-01-29 05:22:00+00:00 and minute = 22
[2026-01-29T05:23:02.030+0000] {python.py:237} INFO - Done. Returned value was: empty_task_1
[2026-01-29T05:23:02.030+0000] {branch.py:36} INFO - Branch into empty_task_1
[2026-01-29T05:23:02.030+0000] {skipmixin.py:178} INFO - Following branch empty_task_1
[2026-01-29T05:23:02.045+0000] {skipmixin.py:246} INFO - Skipping tasks [('empty_task_2', -1)]
[2026-01-29T05:23:02.070+0000] {taskinstance.py:441} INFO - ::group::Post task execution logs
[2026-01-29T05:23:02.090+0000] {taskinstance.py:1206} INFO - Marking task as SUCCESS. dag_id=example_branch_dop_operator_v3, task_id=should_run, run_id=scheduled__2026-01-29T05:22:00+00:00, execution_date=20260129T052200, start_date=20260129T052301, end_date=20260129T052302
[2026-01-29T05:23:02.109+0000] {local_task_job_runner.py:243} INFO - Task exited with return code 0
[2026-01-29T05:23:02.134+0000] {taskinstance.py:3503} INFO - 0 downstream tasks scheduled from follow-on schedule check
[2026-01-29T05:23:02.143+0000] {local_task_job_runner.py:222} INFO - ::endgroup::
