[2026-01-28T16:11:14.005+0000] {local_task_job_runner.py:120} INFO - ::group::Pre task execution logs
[2026-01-28T16:11:14.027+0000] {taskinstance.py:2076} INFO - Dependencies all met for dep_context=non-requeueable deps ti=<TaskInstance: example_subdag_operator.section-1 scheduled__2022-01-01T00:00:00+00:00 [queued]>
[2026-01-28T16:11:14.035+0000] {taskinstance.py:2076} INFO - Dependencies all met for dep_context=requeueable deps ti=<TaskInstance: example_subdag_operator.section-1 scheduled__2022-01-01T00:00:00+00:00 [queued]>
[2026-01-28T16:11:14.036+0000] {taskinstance.py:2306} INFO - Starting attempt 1 of 3
[2026-01-28T16:11:14.054+0000] {taskinstance.py:2330} INFO - Executing <Task(SubDagOperator): section-1> on 2022-01-01 00:00:00+00:00
[2026-01-28T16:11:14.060+0000] {warnings.py:112} WARNING - /home/***/.local/lib/python3.12/site-packages/***/task/task_runner/standard_task_runner.py:62: DeprecationWarning: This process (pid=741) is multi-threaded, use of fork() may lead to deadlocks in the child.
  pid = os.fork()

[2026-01-28T16:11:14.062+0000] {standard_task_runner.py:64} INFO - Started process 757 to run task
[2026-01-28T16:11:14.062+0000] {standard_task_runner.py:90} INFO - Running: ['***', 'tasks', 'run', 'example_subdag_operator', 'section-1', 'scheduled__2022-01-01T00:00:00+00:00', '--job-id', '29', '--raw', '--subdir', '/home/***/.local/lib/python3.12/site-packages/***/example_dags/example_subdag_operator.py', '--cfg-path', '/tmp/tmpjs8cprw8']
[2026-01-28T16:11:14.064+0000] {standard_task_runner.py:91} INFO - Job 29: Subtask section-1
[2026-01-28T16:11:14.107+0000] {task_command.py:426} INFO - Running <TaskInstance: example_subdag_operator.section-1 scheduled__2022-01-01T00:00:00+00:00 [running]> on host f2808779f3b0
[2026-01-28T16:11:14.188+0000] {taskinstance.py:2648} INFO - Exporting env vars: AIRFLOW_CTX_DAG_OWNER='***' AIRFLOW_CTX_DAG_ID='example_subdag_operator' AIRFLOW_CTX_TASK_ID='section-1' AIRFLOW_CTX_EXECUTION_DATE='2022-01-01T00:00:00+00:00' AIRFLOW_CTX_TRY_NUMBER='1' AIRFLOW_CTX_DAG_RUN_ID='scheduled__2022-01-01T00:00:00+00:00'
[2026-01-28T16:11:14.190+0000] {warnings.py:112} WARNING - /home/***/.local/lib/python3.12/site-packages/***/utils/context.py:212: AirflowContextDeprecationWarning: Accessing 'execution_date' from the template is deprecated and will be removed in a future version. Please use 'data_interval_start' or 'logical_date' instead.
  warnings.warn(_create_deprecation_warning(key, self._deprecation_replacements[key]))

[2026-01-28T16:11:14.218+0000] {subdag.py:180} INFO - Created DagRun: scheduled__2022-01-01T00:00:00+00:00
[2026-01-28T16:11:14.218+0000] {taskinstance.py:430} INFO - ::endgroup::
[2026-01-28T16:12:14.233+0000] {base.py:294} INFO - Success criteria met. Exiting.
[2026-01-28T16:12:14.234+0000] {taskinstance.py:441} INFO - ::group::Post task execution logs
[2026-01-28T16:12:14.241+0000] {subdag.py:195} INFO - Execution finished. State is success
[2026-01-28T16:12:14.253+0000] {taskinstance.py:1206} INFO - Marking task as SUCCESS. dag_id=example_subdag_operator, task_id=section-1, run_id=scheduled__2022-01-01T00:00:00+00:00, execution_date=20220101T000000, start_date=20260128T161114, end_date=20260128T161214
[2026-01-28T16:12:14.281+0000] {local_task_job_runner.py:243} INFO - Task exited with return code 0
[2026-01-28T16:12:14.327+0000] {taskinstance.py:3503} INFO - 0 downstream tasks scheduled from follow-on schedule check
[2026-01-28T16:12:14.330+0000] {local_task_job_runner.py:222} INFO - ::endgroup::
