[2026-01-28T17:17:02.247+0000] {local_task_job_runner.py:120} INFO - ::group::Pre task execution logs
[2026-01-28T17:17:02.278+0000] {taskinstance.py:2076} INFO - Dependencies all met for dep_context=non-requeueable deps ti=<TaskInstance: example_branch_dop_operator_v3.should_run scheduled__2026-01-28T17:16:00+00:00 [queued]>
[2026-01-28T17:17:02.287+0000] {taskinstance.py:2076} INFO - Dependencies all met for dep_context=requeueable deps ti=<TaskInstance: example_branch_dop_operator_v3.should_run scheduled__2026-01-28T17:16:00+00:00 [queued]>
[2026-01-28T17:17:02.287+0000] {taskinstance.py:2306} INFO - Starting attempt 1 of 1
[2026-01-28T17:17:02.303+0000] {taskinstance.py:2330} INFO - Executing <Task(_BranchPythonDecoratedOperator): should_run> on 2026-01-28 17:16:00+00:00
[2026-01-28T17:17:02.309+0000] {warnings.py:112} WARNING - /home/***/.local/lib/python3.12/site-packages/***/task/task_runner/standard_task_runner.py:62: DeprecationWarning: This process (pid=2589) is multi-threaded, use of fork() may lead to deadlocks in the child.
  pid = os.fork()

[2026-01-28T17:17:02.310+0000] {standard_task_runner.py:64} INFO - Started process 2597 to run task
[2026-01-28T17:17:02.311+0000] {standard_task_runner.py:90} INFO - Running: ['***', 'tasks', 'run', 'example_branch_dop_operator_v3', 'should_run', 'scheduled__2026-01-28T17:16:00+00:00', '--job-id', '314', '--raw', '--subdir', '/home/***/.local/lib/python3.12/site-packages/***/example_dags/example_branch_python_dop_operator_3.py', '--cfg-path', '/tmp/tmp64vg8veg']
[2026-01-28T17:17:02.314+0000] {standard_task_runner.py:91} INFO - Job 314: Subtask should_run
[2026-01-28T17:17:02.365+0000] {task_command.py:426} INFO - Running <TaskInstance: example_branch_dop_operator_v3.should_run scheduled__2026-01-28T17:16:00+00:00 [running]> on host f2808779f3b0
[2026-01-28T17:17:02.468+0000] {taskinstance.py:2648} INFO - Exporting env vars: AIRFLOW_CTX_DAG_OWNER='***' AIRFLOW_CTX_DAG_ID='example_branch_dop_operator_v3' AIRFLOW_CTX_TASK_ID='should_run' AIRFLOW_CTX_EXECUTION_DATE='2026-01-28T17:16:00+00:00' AIRFLOW_CTX_TRY_NUMBER='1' AIRFLOW_CTX_DAG_RUN_ID='scheduled__2026-01-28T17:16:00+00:00'
[2026-01-28T17:17:02.469+0000] {taskinstance.py:430} INFO - ::endgroup::
[2026-01-28T17:17:02.470+0000] {warnings.py:112} WARNING - /home/***/.local/lib/python3.12/site-packages/***/utils/context.py:320: AirflowContextDeprecationWarning: Accessing 'execution_date' from the template is deprecated and will be removed in a future version. Please use 'data_interval_start' or 'logical_date' instead.
  warnings.warn(_create_deprecation_warning(k, replacements))

[2026-01-28T17:17:02.471+0000] {logging_mixin.py:188} INFO - ------------- exec dttm = 2026-01-28 17:16:00+00:00 and minute = 16
[2026-01-28T17:17:02.471+0000] {python.py:237} INFO - Done. Returned value was: empty_task_1
[2026-01-28T17:17:02.471+0000] {branch.py:36} INFO - Branch into empty_task_1
[2026-01-28T17:17:02.471+0000] {skipmixin.py:178} INFO - Following branch empty_task_1
[2026-01-28T17:17:02.485+0000] {skipmixin.py:246} INFO - Skipping tasks [('empty_task_2', -1)]
[2026-01-28T17:17:02.513+0000] {taskinstance.py:441} INFO - ::group::Post task execution logs
[2026-01-28T17:17:02.534+0000] {taskinstance.py:1206} INFO - Marking task as SUCCESS. dag_id=example_branch_dop_operator_v3, task_id=should_run, run_id=scheduled__2026-01-28T17:16:00+00:00, execution_date=20260128T171600, start_date=20260128T171702, end_date=20260128T171702
[2026-01-28T17:17:02.564+0000] {local_task_job_runner.py:243} INFO - Task exited with return code 0
[2026-01-28T17:17:02.590+0000] {taskinstance.py:3503} INFO - 0 downstream tasks scheduled from follow-on schedule check
[2026-01-28T17:17:02.593+0000] {local_task_job_runner.py:222} INFO - ::endgroup::
