[2026-01-29T00:00:13.304+0000] {local_task_job_runner.py:120} INFO - ::group::Pre task execution logs
[2026-01-29T00:00:13.336+0000] {taskinstance.py:2076} INFO - Dependencies all met for dep_context=non-requeueable deps ti=<TaskInstance: example_branch_operator.branching_ext_python scheduled__2026-01-28T00:00:00+00:00 [queued]>
[2026-01-29T00:00:13.346+0000] {taskinstance.py:2076} INFO - Dependencies all met for dep_context=requeueable deps ti=<TaskInstance: example_branch_operator.branching_ext_python scheduled__2026-01-28T00:00:00+00:00 [queued]>
[2026-01-29T00:00:13.346+0000] {taskinstance.py:2306} INFO - Starting attempt 1 of 1
[2026-01-29T00:00:13.365+0000] {taskinstance.py:2330} INFO - Executing <Task(BranchExternalPythonOperator): branching_ext_python> on 2026-01-28 00:00:00+00:00
[2026-01-29T00:00:13.372+0000] {warnings.py:112} WARNING - /home/***/.local/lib/python3.12/site-packages/***/task/task_runner/standard_task_runner.py:62: DeprecationWarning: This process (pid=12660) is multi-threaded, use of fork() may lead to deadlocks in the child.
  pid = os.fork()

[2026-01-29T00:00:13.374+0000] {standard_task_runner.py:64} INFO - Started process 12673 to run task
[2026-01-29T00:00:13.374+0000] {standard_task_runner.py:90} INFO - Running: ['***', 'tasks', 'run', 'example_branch_operator', 'branching_ext_python', 'scheduled__2026-01-28T00:00:00+00:00', '--job-id', '1951', '--raw', '--subdir', '/home/***/.local/lib/python3.12/site-packages/***/example_dags/example_branch_operator.py', '--cfg-path', '/tmp/tmpmwd270ug']
[2026-01-29T00:00:13.377+0000] {standard_task_runner.py:91} INFO - Job 1951: Subtask branching_ext_python
[2026-01-29T00:00:13.419+0000] {task_command.py:426} INFO - Running <TaskInstance: example_branch_operator.branching_ext_python scheduled__2026-01-28T00:00:00+00:00 [running]> on host f2808779f3b0
[2026-01-29T00:00:13.519+0000] {taskinstance.py:2648} INFO - Exporting env vars: AIRFLOW_CTX_DAG_OWNER='***' AIRFLOW_CTX_DAG_ID='example_branch_operator' AIRFLOW_CTX_TASK_ID='branching_ext_python' AIRFLOW_CTX_EXECUTION_DATE='2026-01-28T00:00:00+00:00' AIRFLOW_CTX_TRY_NUMBER='1' AIRFLOW_CTX_DAG_RUN_ID='scheduled__2026-01-28T00:00:00+00:00'
[2026-01-29T00:00:13.521+0000] {taskinstance.py:430} INFO - ::endgroup::
[2026-01-29T00:00:13.521+0000] {baseoperator.py:400} WARNING - BranchExternalPythonOperator.execute cannot be called outside TaskInstance!
[2026-01-29T00:00:13.976+0000] {baseoperator.py:400} WARNING - BranchExternalPythonOperator.execute cannot be called outside TaskInstance!
[2026-01-29T00:00:14.076+0000] {process_utils.py:183} INFO - Executing cmd: /home/***/.local/bin/python /tmp/venv-callsqn8fh46/script.py /tmp/venv-callsqn8fh46/script.in /tmp/venv-callsqn8fh46/script.out /tmp/venv-callsqn8fh46/string_args.txt /tmp/venv-callsqn8fh46/termination.log
[2026-01-29T00:00:14.077+0000] {process_utils.py:187} INFO - Output:
[2026-01-29T00:00:15.836+0000] {process_utils.py:191} INFO - /home/***/.local/lib/python3.12/site-packages/***/metrics/statsd_logger.py:184 RemovedInAirflow3Warning: The basic metric validator will be deprecated in the future in favor of pattern-matching.  You can try this now by setting config option metrics_use_pattern_match to True.
[2026-01-29T00:00:16.862+0000] {python.py:237} INFO - Done. Returned value was: ext_py_a
[2026-01-29T00:00:16.863+0000] {branch.py:36} INFO - Branch into ext_py_a
[2026-01-29T00:00:16.863+0000] {skipmixin.py:178} INFO - Following branch ext_py_a
[2026-01-29T00:00:16.893+0000] {skipmixin.py:246} INFO - Skipping tasks [('ext_py_d', -1), ('ext_py_b', -1), ('ext_py_c', -1)]
[2026-01-29T00:00:16.924+0000] {taskinstance.py:441} INFO - ::group::Post task execution logs
[2026-01-29T00:00:16.944+0000] {taskinstance.py:1206} INFO - Marking task as SUCCESS. dag_id=example_branch_operator, task_id=branching_ext_python, run_id=scheduled__2026-01-28T00:00:00+00:00, execution_date=20260128T000000, start_date=20260129T000013, end_date=20260129T000016
[2026-01-29T00:00:16.996+0000] {local_task_job_runner.py:243} INFO - Task exited with return code 0
[2026-01-29T00:00:17.034+0000] {taskinstance.py:3503} INFO - 1 downstream tasks scheduled from follow-on schedule check
[2026-01-29T00:00:17.037+0000] {local_task_job_runner.py:222} INFO - ::endgroup::
