[2026-01-28T16:40:10.237+0000] {local_task_job_runner.py:120} INFO - ::group::Pre task execution logs
[2026-01-28T16:40:10.260+0000] {taskinstance.py:2076} INFO - Dependencies all met for dep_context=non-requeueable deps ti=<TaskInstance: dataset_consumes_1.consuming_1 manual__2026-01-28T16:40:08.714947+00:00 [queued]>
[2026-01-28T16:40:10.268+0000] {taskinstance.py:2076} INFO - Dependencies all met for dep_context=requeueable deps ti=<TaskInstance: dataset_consumes_1.consuming_1 manual__2026-01-28T16:40:08.714947+00:00 [queued]>
[2026-01-28T16:40:10.269+0000] {taskinstance.py:2306} INFO - Starting attempt 1 of 1
[2026-01-28T16:40:10.282+0000] {taskinstance.py:2330} INFO - Executing <Task(BashOperator): consuming_1> on 2026-01-28 16:40:08.714947+00:00
[2026-01-28T16:40:10.288+0000] {warnings.py:112} WARNING - /home/***/.local/lib/python3.12/site-packages/***/task/task_runner/standard_task_runner.py:62: DeprecationWarning: This process (pid=1672) is multi-threaded, use of fork() may lead to deadlocks in the child.
  pid = os.fork()

[2026-01-28T16:40:10.289+0000] {standard_task_runner.py:64} INFO - Started process 1674 to run task
[2026-01-28T16:40:10.289+0000] {standard_task_runner.py:90} INFO - Running: ['***', 'tasks', 'run', 'dataset_consumes_1', 'consuming_1', 'manual__2026-01-28T16:40:08.714947+00:00', '--job-id', '163', '--raw', '--subdir', '/home/***/.local/lib/python3.12/site-packages/***/example_dags/example_datasets.py', '--cfg-path', '/tmp/tmpv_5drc9i']
[2026-01-28T16:40:10.292+0000] {standard_task_runner.py:91} INFO - Job 163: Subtask consuming_1
[2026-01-28T16:40:10.340+0000] {task_command.py:426} INFO - Running <TaskInstance: dataset_consumes_1.consuming_1 manual__2026-01-28T16:40:08.714947+00:00 [running]> on host f2808779f3b0
[2026-01-28T16:40:10.430+0000] {taskinstance.py:2648} INFO - Exporting env vars: AIRFLOW_CTX_DAG_OWNER='***' AIRFLOW_CTX_DAG_ID='dataset_consumes_1' AIRFLOW_CTX_TASK_ID='consuming_1' AIRFLOW_CTX_EXECUTION_DATE='2026-01-28T16:40:08.714947+00:00' AIRFLOW_CTX_TRY_NUMBER='1' AIRFLOW_CTX_DAG_RUN_ID='manual__2026-01-28T16:40:08.714947+00:00'
[2026-01-28T16:40:10.431+0000] {taskinstance.py:430} INFO - ::endgroup::
[2026-01-28T16:40:10.432+0000] {subprocess.py:63} INFO - Tmp dir root location: /tmp
[2026-01-28T16:40:10.432+0000] {subprocess.py:75} INFO - Running command: ['/usr/bin/bash', '-c', 'sleep 5']
[2026-01-28T16:40:10.445+0000] {subprocess.py:86} INFO - Output:
[2026-01-28T16:40:15.448+0000] {subprocess.py:97} INFO - Command exited with return code 0
[2026-01-28T16:40:15.449+0000] {taskinstance.py:441} INFO - ::group::Post task execution logs
[2026-01-28T16:40:15.494+0000] {taskinstance.py:1206} INFO - Marking task as SUCCESS. dag_id=dataset_consumes_1, task_id=consuming_1, run_id=manual__2026-01-28T16:40:08.714947+00:00, execution_date=20260128T164008, start_date=20260128T164010, end_date=20260128T164015
[2026-01-28T16:40:15.549+0000] {local_task_job_runner.py:243} INFO - Task exited with return code 0
[2026-01-28T16:40:15.569+0000] {taskinstance.py:3503} INFO - 0 downstream tasks scheduled from follow-on schedule check
[2026-01-28T16:40:15.572+0000] {local_task_job_runner.py:222} INFO - ::endgroup::
