[2026-01-28T16:11:25.946+0000] {local_task_job_runner.py:120} INFO - ::group::Pre task execution logs
[2026-01-28T16:11:25.984+0000] {taskinstance.py:2076} INFO - Dependencies all met for dep_context=non-requeueable deps ti=<TaskInstance: tutorial.sleep scheduled__2026-01-27T00:00:00+00:00 [queued]>
[2026-01-28T16:11:25.995+0000] {taskinstance.py:2076} INFO - Dependencies all met for dep_context=requeueable deps ti=<TaskInstance: tutorial.sleep scheduled__2026-01-27T00:00:00+00:00 [queued]>
[2026-01-28T16:11:25.996+0000] {taskinstance.py:2306} INFO - Starting attempt 1 of 4
[2026-01-28T16:11:26.017+0000] {taskinstance.py:2330} INFO - Executing <Task(BashOperator): sleep> on 2026-01-27 00:00:00+00:00
[2026-01-28T16:11:26.024+0000] {warnings.py:112} WARNING - /home/***/.local/lib/python3.12/site-packages/***/task/task_runner/standard_task_runner.py:62: DeprecationWarning: This process (pid=809) is multi-threaded, use of fork() may lead to deadlocks in the child.
  pid = os.fork()

[2026-01-28T16:11:26.026+0000] {standard_task_runner.py:64} INFO - Started process 823 to run task
[2026-01-28T16:11:26.026+0000] {standard_task_runner.py:90} INFO - Running: ['***', 'tasks', 'run', 'tutorial', 'sleep', 'scheduled__2026-01-27T00:00:00+00:00', '--job-id', '39', '--raw', '--subdir', '/home/***/.local/lib/python3.12/site-packages/***/example_dags/tutorial.py', '--cfg-path', '/tmp/tmpp3_v93ue']
[2026-01-28T16:11:26.029+0000] {standard_task_runner.py:91} INFO - Job 39: Subtask sleep
[2026-01-28T16:11:26.091+0000] {task_command.py:426} INFO - Running <TaskInstance: tutorial.sleep scheduled__2026-01-27T00:00:00+00:00 [running]> on host f2808779f3b0
[2026-01-28T16:11:26.227+0000] {taskinstance.py:2648} INFO - Exporting env vars: AIRFLOW_CTX_DAG_EMAIL='***@example.com' AIRFLOW_CTX_DAG_OWNER='***' AIRFLOW_CTX_DAG_ID='tutorial' AIRFLOW_CTX_TASK_ID='sleep' AIRFLOW_CTX_EXECUTION_DATE='2026-01-27T00:00:00+00:00' AIRFLOW_CTX_TRY_NUMBER='1' AIRFLOW_CTX_DAG_RUN_ID='scheduled__2026-01-27T00:00:00+00:00'
[2026-01-28T16:11:26.229+0000] {taskinstance.py:430} INFO - ::endgroup::
[2026-01-28T16:11:26.231+0000] {subprocess.py:63} INFO - Tmp dir root location: /tmp
[2026-01-28T16:11:26.231+0000] {subprocess.py:75} INFO - Running command: ['/usr/bin/bash', '-c', 'sleep 5']
[2026-01-28T16:11:26.250+0000] {subprocess.py:86} INFO - Output:
[2026-01-28T16:11:31.254+0000] {subprocess.py:97} INFO - Command exited with return code 0
[2026-01-28T16:11:31.255+0000] {taskinstance.py:441} INFO - ::group::Post task execution logs
[2026-01-28T16:11:31.360+0000] {taskinstance.py:1206} INFO - Marking task as SUCCESS. dag_id=tutorial, task_id=sleep, run_id=scheduled__2026-01-27T00:00:00+00:00, execution_date=20260127T000000, start_date=20260128T161125, end_date=20260128T161131
[2026-01-28T16:11:31.421+0000] {local_task_job_runner.py:243} INFO - Task exited with return code 0
[2026-01-28T16:11:31.438+0000] {taskinstance.py:3503} INFO - 0 downstream tasks scheduled from follow-on schedule check
[2026-01-28T16:11:31.456+0000] {local_task_job_runner.py:222} INFO - ::endgroup::
