[2026-01-28T15:39:18.548+0000] {local_task_job_runner.py:120} INFO - ::group::Pre task execution logs
[2026-01-28T15:39:18.570+0000] {taskinstance.py:2076} INFO - Dependencies all met for dep_context=non-requeueable deps ti=<TaskInstance: dataset_produces_1.producing_task_1 scheduled__2026-01-27T00:00:00+00:00 [queued]>
[2026-01-28T15:39:18.577+0000] {taskinstance.py:2076} INFO - Dependencies all met for dep_context=requeueable deps ti=<TaskInstance: dataset_produces_1.producing_task_1 scheduled__2026-01-27T00:00:00+00:00 [queued]>
[2026-01-28T15:39:18.577+0000] {taskinstance.py:2306} INFO - Starting attempt 1 of 1
[2026-01-28T15:39:18.595+0000] {taskinstance.py:2330} INFO - Executing <Task(BashOperator): producing_task_1> on 2026-01-27 00:00:00+00:00
[2026-01-28T15:39:18.600+0000] {warnings.py:112} WARNING - /home/***/.local/lib/python3.12/site-packages/***/task/task_runner/standard_task_runner.py:62: DeprecationWarning: This process (pid=239) is multi-threaded, use of fork() may lead to deadlocks in the child.
  pid = os.fork()

[2026-01-28T15:39:18.602+0000] {standard_task_runner.py:64} INFO - Started process 248 to run task
[2026-01-28T15:39:18.602+0000] {standard_task_runner.py:90} INFO - Running: ['***', 'tasks', 'run', 'dataset_produces_1', 'producing_task_1', 'scheduled__2026-01-27T00:00:00+00:00', '--job-id', '5', '--raw', '--subdir', '/home/***/.local/lib/python3.12/site-packages/***/example_dags/example_datasets.py', '--cfg-path', '/tmp/tmpcnodkfeb']
[2026-01-28T15:39:18.604+0000] {standard_task_runner.py:91} INFO - Job 5: Subtask producing_task_1
[2026-01-28T15:39:18.647+0000] {task_command.py:426} INFO - Running <TaskInstance: dataset_produces_1.producing_task_1 scheduled__2026-01-27T00:00:00+00:00 [running]> on host f2808779f3b0
[2026-01-28T15:39:18.729+0000] {taskinstance.py:2648} INFO - Exporting env vars: AIRFLOW_CTX_DAG_OWNER='***' AIRFLOW_CTX_DAG_ID='dataset_produces_1' AIRFLOW_CTX_TASK_ID='producing_task_1' AIRFLOW_CTX_EXECUTION_DATE='2026-01-27T00:00:00+00:00' AIRFLOW_CTX_TRY_NUMBER='1' AIRFLOW_CTX_DAG_RUN_ID='scheduled__2026-01-27T00:00:00+00:00'
[2026-01-28T15:39:18.730+0000] {taskinstance.py:430} INFO - ::endgroup::
[2026-01-28T15:39:18.731+0000] {subprocess.py:63} INFO - Tmp dir root location: /tmp
[2026-01-28T15:39:18.731+0000] {subprocess.py:75} INFO - Running command: ['/usr/bin/bash', '-c', 'sleep 5']
[2026-01-28T15:39:18.742+0000] {subprocess.py:86} INFO - Output:
[2026-01-28T15:39:23.747+0000] {subprocess.py:97} INFO - Command exited with return code 0
[2026-01-28T15:39:23.748+0000] {taskinstance.py:441} INFO - ::group::Post task execution logs
[2026-01-28T15:39:23.841+0000] {taskinstance.py:1206} INFO - Marking task as SUCCESS. dag_id=dataset_produces_1, task_id=producing_task_1, run_id=scheduled__2026-01-27T00:00:00+00:00, execution_date=20260127T000000, start_date=20260128T153918, end_date=20260128T153923
[2026-01-28T15:39:23.987+0000] {local_task_job_runner.py:243} INFO - Task exited with return code 0
[2026-01-28T15:39:24.023+0000] {taskinstance.py:3503} INFO - 0 downstream tasks scheduled from follow-on schedule check
[2026-01-28T15:39:24.050+0000] {local_task_job_runner.py:222} INFO - ::endgroup::
