[2026-01-28T16:11:05.021+0000] {local_task_job_runner.py:120} INFO - ::group::Pre task execution logs
[2026-01-28T16:11:05.069+0000] {taskinstance.py:2076} INFO - Dependencies all met for dep_context=non-requeueable deps ti=<TaskInstance: example_branch_python_operator_decorator.branch_b scheduled__2026-01-27T00:00:00+00:00 [queued]>
[2026-01-28T16:11:05.085+0000] {taskinstance.py:2076} INFO - Dependencies all met for dep_context=requeueable deps ti=<TaskInstance: example_branch_python_operator_decorator.branch_b scheduled__2026-01-27T00:00:00+00:00 [queued]>
[2026-01-28T16:11:05.085+0000] {taskinstance.py:2306} INFO - Starting attempt 1 of 1
[2026-01-28T16:11:05.109+0000] {taskinstance.py:2330} INFO - Executing <Task(_PythonDecoratedOperator): branch_b> on 2026-01-27 00:00:00+00:00
[2026-01-28T16:11:05.117+0000] {warnings.py:112} WARNING - /home/***/.local/lib/python3.12/site-packages/***/task/task_runner/standard_task_runner.py:62: DeprecationWarning: This process (pid=714) is multi-threaded, use of fork() may lead to deadlocks in the child.
  pid = os.fork()

[2026-01-28T16:11:05.119+0000] {standard_task_runner.py:64} INFO - Started process 719 to run task
[2026-01-28T16:11:05.118+0000] {standard_task_runner.py:90} INFO - Running: ['***', 'tasks', 'run', 'example_branch_python_operator_decorator', 'branch_b', 'scheduled__2026-01-27T00:00:00+00:00', '--job-id', '23', '--raw', '--subdir', '/home/***/.local/lib/python3.12/site-packages/***/example_dags/example_branch_operator_decorator.py', '--cfg-path', '/tmp/tmpdvsxamfs']
[2026-01-28T16:11:05.121+0000] {standard_task_runner.py:91} INFO - Job 23: Subtask branch_b
[2026-01-28T16:11:05.177+0000] {task_command.py:426} INFO - Running <TaskInstance: example_branch_python_operator_decorator.branch_b scheduled__2026-01-27T00:00:00+00:00 [running]> on host f2808779f3b0
[2026-01-28T16:11:05.275+0000] {taskinstance.py:2648} INFO - Exporting env vars: AIRFLOW_CTX_DAG_OWNER='***' AIRFLOW_CTX_DAG_ID='example_branch_python_operator_decorator' AIRFLOW_CTX_TASK_ID='branch_b' AIRFLOW_CTX_EXECUTION_DATE='2026-01-27T00:00:00+00:00' AIRFLOW_CTX_TRY_NUMBER='1' AIRFLOW_CTX_DAG_RUN_ID='scheduled__2026-01-27T00:00:00+00:00'
[2026-01-28T16:11:05.277+0000] {taskinstance.py:430} INFO - ::endgroup::
[2026-01-28T16:11:05.277+0000] {logging_mixin.py:188} INFO - doing something in Python
[2026-01-28T16:11:05.278+0000] {python.py:237} INFO - Done. Returned value was: None
[2026-01-28T16:11:05.278+0000] {taskinstance.py:441} INFO - ::group::Post task execution logs
[2026-01-28T16:11:05.287+0000] {taskinstance.py:1206} INFO - Marking task as SUCCESS. dag_id=example_branch_python_operator_decorator, task_id=branch_b, run_id=scheduled__2026-01-27T00:00:00+00:00, execution_date=20260127T000000, start_date=20260128T161105, end_date=20260128T161105
[2026-01-28T16:11:05.335+0000] {local_task_job_runner.py:243} INFO - Task exited with return code 0
[2026-01-28T16:11:05.368+0000] {taskinstance.py:3503} INFO - 0 downstream tasks scheduled from follow-on schedule check
[2026-01-28T16:11:05.372+0000] {local_task_job_runner.py:222} INFO - ::endgroup::
