[2026-01-29T00:00:09.843+0000] {local_task_job_runner.py:120} INFO - ::group::Pre task execution logs
[2026-01-29T00:00:09.870+0000] {taskinstance.py:2076} INFO - Dependencies all met for dep_context=non-requeueable deps ti=<TaskInstance: example_task_group.section_2.inner_section_2.task_2 scheduled__2026-01-28T00:00:00+00:00 [queued]>
[2026-01-29T00:00:09.879+0000] {taskinstance.py:2076} INFO - Dependencies all met for dep_context=requeueable deps ti=<TaskInstance: example_task_group.section_2.inner_section_2.task_2 scheduled__2026-01-28T00:00:00+00:00 [queued]>
[2026-01-29T00:00:09.879+0000] {taskinstance.py:2306} INFO - Starting attempt 1 of 1
[2026-01-29T00:00:09.895+0000] {taskinstance.py:2330} INFO - Executing <Task(BashOperator): section_2.inner_section_2.task_2> on 2026-01-28 00:00:00+00:00
[2026-01-29T00:00:09.903+0000] {warnings.py:112} WARNING - /home/***/.local/lib/python3.12/site-packages/***/task/task_runner/standard_task_runner.py:62: DeprecationWarning: This process (pid=12636) is multi-threaded, use of fork() may lead to deadlocks in the child.
  pid = os.fork()

[2026-01-29T00:00:09.904+0000] {standard_task_runner.py:64} INFO - Started process 12652 to run task
[2026-01-29T00:00:09.905+0000] {standard_task_runner.py:90} INFO - Running: ['***', 'tasks', 'run', 'example_task_group', 'section_2.inner_section_2.task_2', 'scheduled__2026-01-28T00:00:00+00:00', '--job-id', '1945', '--raw', '--subdir', '/home/***/.local/lib/python3.12/site-packages/***/example_dags/example_task_group.py', '--cfg-path', '/tmp/tmp8arpj0b5']
[2026-01-29T00:00:09.908+0000] {standard_task_runner.py:91} INFO - Job 1945: Subtask section_2.inner_section_2.task_2
[2026-01-29T00:00:09.965+0000] {task_command.py:426} INFO - Running <TaskInstance: example_task_group.section_2.inner_section_2.task_2 scheduled__2026-01-28T00:00:00+00:00 [running]> on host f2808779f3b0
[2026-01-29T00:00:10.096+0000] {taskinstance.py:2648} INFO - Exporting env vars: AIRFLOW_CTX_DAG_OWNER='***' AIRFLOW_CTX_DAG_ID='example_task_group' AIRFLOW_CTX_TASK_ID='section_2.inner_section_2.task_2' AIRFLOW_CTX_EXECUTION_DATE='2026-01-28T00:00:00+00:00' AIRFLOW_CTX_TRY_NUMBER='1' AIRFLOW_CTX_DAG_RUN_ID='scheduled__2026-01-28T00:00:00+00:00'
[2026-01-29T00:00:10.098+0000] {taskinstance.py:430} INFO - ::endgroup::
[2026-01-29T00:00:10.099+0000] {subprocess.py:63} INFO - Tmp dir root location: /tmp
[2026-01-29T00:00:10.099+0000] {subprocess.py:75} INFO - Running command: ['/usr/bin/bash', '-c', 'echo 1']
[2026-01-29T00:00:10.113+0000] {subprocess.py:86} INFO - Output:
[2026-01-29T00:00:10.115+0000] {subprocess.py:93} INFO - 1
[2026-01-29T00:00:10.115+0000] {subprocess.py:97} INFO - Command exited with return code 0
[2026-01-29T00:00:10.116+0000] {taskinstance.py:441} INFO - ::group::Post task execution logs
[2026-01-29T00:00:10.146+0000] {taskinstance.py:1206} INFO - Marking task as SUCCESS. dag_id=example_task_group, task_id=section_2.inner_section_2.task_2, run_id=scheduled__2026-01-28T00:00:00+00:00, execution_date=20260128T000000, start_date=20260129T000009, end_date=20260129T000010
[2026-01-29T00:00:10.199+0000] {local_task_job_runner.py:243} INFO - Task exited with return code 0
[2026-01-29T00:00:10.224+0000] {taskinstance.py:3503} INFO - 0 downstream tasks scheduled from follow-on schedule check
[2026-01-29T00:00:10.227+0000] {local_task_job_runner.py:222} INFO - ::endgroup::
