[2026-01-28T16:11:02.463+0000] {local_task_job_runner.py:120} INFO - ::group::Pre task execution logs
[2026-01-28T16:11:02.494+0000] {taskinstance.py:2076} INFO - Dependencies all met for dep_context=non-requeueable deps ti=<TaskInstance: example_branch_operator.branching scheduled__2026-01-27T00:00:00+00:00 [queued]>
[2026-01-28T16:11:02.504+0000] {taskinstance.py:2076} INFO - Dependencies all met for dep_context=requeueable deps ti=<TaskInstance: example_branch_operator.branching scheduled__2026-01-27T00:00:00+00:00 [queued]>
[2026-01-28T16:11:02.504+0000] {taskinstance.py:2306} INFO - Starting attempt 1 of 1
[2026-01-28T16:11:02.525+0000] {taskinstance.py:2330} INFO - Executing <Task(BranchPythonOperator): branching> on 2026-01-27 00:00:00+00:00
[2026-01-28T16:11:02.532+0000] {warnings.py:112} WARNING - /home/***/.local/lib/python3.12/site-packages/***/task/task_runner/standard_task_runner.py:62: DeprecationWarning: This process (pid=700) is multi-threaded, use of fork() may lead to deadlocks in the child.
  pid = os.fork()

[2026-01-28T16:11:02.534+0000] {standard_task_runner.py:64} INFO - Started process 713 to run task
[2026-01-28T16:11:02.534+0000] {standard_task_runner.py:90} INFO - Running: ['***', 'tasks', 'run', 'example_branch_operator', 'branching', 'scheduled__2026-01-27T00:00:00+00:00', '--job-id', '21', '--raw', '--subdir', '/home/***/.local/lib/python3.12/site-packages/***/example_dags/example_branch_operator.py', '--cfg-path', '/tmp/tmpftf24oig']
[2026-01-28T16:11:02.537+0000] {standard_task_runner.py:91} INFO - Job 21: Subtask branching
[2026-01-28T16:11:02.587+0000] {task_command.py:426} INFO - Running <TaskInstance: example_branch_operator.branching scheduled__2026-01-27T00:00:00+00:00 [running]> on host f2808779f3b0
[2026-01-28T16:11:02.693+0000] {taskinstance.py:2648} INFO - Exporting env vars: AIRFLOW_CTX_DAG_OWNER='***' AIRFLOW_CTX_DAG_ID='example_branch_operator' AIRFLOW_CTX_TASK_ID='branching' AIRFLOW_CTX_EXECUTION_DATE='2026-01-27T00:00:00+00:00' AIRFLOW_CTX_TRY_NUMBER='1' AIRFLOW_CTX_DAG_RUN_ID='scheduled__2026-01-27T00:00:00+00:00'
[2026-01-28T16:11:02.695+0000] {taskinstance.py:430} INFO - ::endgroup::
[2026-01-28T16:11:02.696+0000] {baseoperator.py:400} WARNING - BranchPythonOperator.execute cannot be called outside TaskInstance!
[2026-01-28T16:11:02.696+0000] {python.py:237} INFO - Done. Returned value was: branch_d
[2026-01-28T16:11:02.696+0000] {branch.py:36} INFO - Branch into branch_d
[2026-01-28T16:11:02.696+0000] {skipmixin.py:178} INFO - Following branch branch_d
[2026-01-28T16:11:02.734+0000] {skipmixin.py:246} INFO - Skipping tasks [('branch_b', -1), ('branch_c', -1), ('branch_a', -1)]
[2026-01-28T16:11:02.763+0000] {taskinstance.py:441} INFO - ::group::Post task execution logs
[2026-01-28T16:11:02.790+0000] {taskinstance.py:1206} INFO - Marking task as SUCCESS. dag_id=example_branch_operator, task_id=branching, run_id=scheduled__2026-01-27T00:00:00+00:00, execution_date=20260127T000000, start_date=20260128T161102, end_date=20260128T161102
[2026-01-28T16:11:02.830+0000] {local_task_job_runner.py:243} INFO - Task exited with return code 0
[2026-01-28T16:11:02.869+0000] {taskinstance.py:3503} INFO - 1 downstream tasks scheduled from follow-on schedule check
[2026-01-28T16:11:02.874+0000] {local_task_job_runner.py:222} INFO - ::endgroup::
