[2026-01-29T00:00:25.749+0000] {local_task_job_runner.py:120} INFO - ::group::Pre task execution logs
[2026-01-29T00:00:25.775+0000] {taskinstance.py:2076} INFO - Dependencies all met for dep_context=non-requeueable deps ti=<TaskInstance: example_branch_operator.branching_venv scheduled__2026-01-28T00:00:00+00:00 [queued]>
[2026-01-29T00:00:25.783+0000] {taskinstance.py:2076} INFO - Dependencies all met for dep_context=requeueable deps ti=<TaskInstance: example_branch_operator.branching_venv scheduled__2026-01-28T00:00:00+00:00 [queued]>
[2026-01-29T00:00:25.783+0000] {taskinstance.py:2306} INFO - Starting attempt 1 of 1
[2026-01-29T00:00:25.799+0000] {taskinstance.py:2330} INFO - Executing <Task(BranchPythonVirtualenvOperator): branching_venv> on 2026-01-28 00:00:00+00:00
[2026-01-29T00:00:25.805+0000] {warnings.py:112} WARNING - /home/***/.local/lib/python3.12/site-packages/***/task/task_runner/standard_task_runner.py:62: DeprecationWarning: This process (pid=12721) is multi-threaded, use of fork() may lead to deadlocks in the child.
  pid = os.fork()

[2026-01-29T00:00:25.806+0000] {standard_task_runner.py:64} INFO - Started process 12725 to run task
[2026-01-29T00:00:25.807+0000] {standard_task_runner.py:90} INFO - Running: ['***', 'tasks', 'run', 'example_branch_operator', 'branching_venv', 'scheduled__2026-01-28T00:00:00+00:00', '--job-id', '1954', '--raw', '--subdir', '/home/***/.local/lib/python3.12/site-packages/***/example_dags/example_branch_operator.py', '--cfg-path', '/tmp/tmpckyhg7gg']
[2026-01-29T00:00:25.809+0000] {standard_task_runner.py:91} INFO - Job 1954: Subtask branching_venv
[2026-01-29T00:00:25.853+0000] {task_command.py:426} INFO - Running <TaskInstance: example_branch_operator.branching_venv scheduled__2026-01-28T00:00:00+00:00 [running]> on host f2808779f3b0
[2026-01-29T00:00:25.967+0000] {taskinstance.py:2648} INFO - Exporting env vars: AIRFLOW_CTX_DAG_OWNER='***' AIRFLOW_CTX_DAG_ID='example_branch_operator' AIRFLOW_CTX_TASK_ID='branching_venv' AIRFLOW_CTX_EXECUTION_DATE='2026-01-28T00:00:00+00:00' AIRFLOW_CTX_TRY_NUMBER='1' AIRFLOW_CTX_DAG_RUN_ID='scheduled__2026-01-28T00:00:00+00:00'
[2026-01-29T00:00:25.969+0000] {taskinstance.py:430} INFO - ::endgroup::
[2026-01-29T00:00:25.969+0000] {baseoperator.py:400} WARNING - BranchPythonVirtualenvOperator.execute cannot be called outside TaskInstance!
[2026-01-29T00:00:25.970+0000] {baseoperator.py:400} WARNING - BranchPythonVirtualenvOperator.execute cannot be called outside TaskInstance!
[2026-01-29T00:00:25.978+0000] {python.py:708} INFO - Python virtual environment will be cached in /tmp/venv-5ea997a7
[2026-01-29T00:00:25.980+0000] {python.py:720} INFO - Re-using cached Python virtual environment in /tmp/venv-5ea997a7
[2026-01-29T00:00:25.994+0000] {process_utils.py:183} INFO - Executing cmd: /tmp/venv-5ea997a7/bin/python /tmp/venv-callnaal5z_s/script.py /tmp/venv-callnaal5z_s/script.in /tmp/venv-callnaal5z_s/script.out /tmp/venv-callnaal5z_s/string_args.txt /tmp/venv-callnaal5z_s/termination.log
[2026-01-29T00:00:25.995+0000] {process_utils.py:187} INFO - Output:
[2026-01-29T00:00:27.714+0000] {process_utils.py:191} INFO - /home/***/.local/lib/python3.12/site-packages/***/metrics/statsd_logger.py:184 RemovedInAirflow3Warning: The basic metric validator will be deprecated in the future in favor of pattern-matching.  You can try this now by setting config option metrics_use_pattern_match to True.
[2026-01-29T00:00:28.456+0000] {process_utils.py:191} INFO - Some numpy stuff: [0 1 2 3 4 5]
[2026-01-29T00:00:28.716+0000] {python.py:237} INFO - Done. Returned value was: venv_a
[2026-01-29T00:00:28.716+0000] {branch.py:36} INFO - Branch into venv_a
[2026-01-29T00:00:28.717+0000] {skipmixin.py:178} INFO - Following branch venv_a
[2026-01-29T00:00:28.750+0000] {skipmixin.py:246} INFO - Skipping tasks [('venv_c', -1), ('venv_b', -1), ('venv_d', -1)]
[2026-01-29T00:00:28.777+0000] {taskinstance.py:441} INFO - ::group::Post task execution logs
[2026-01-29T00:00:28.800+0000] {taskinstance.py:1206} INFO - Marking task as SUCCESS. dag_id=example_branch_operator, task_id=branching_venv, run_id=scheduled__2026-01-28T00:00:00+00:00, execution_date=20260128T000000, start_date=20260129T000025, end_date=20260129T000028
[2026-01-29T00:00:28.827+0000] {local_task_job_runner.py:243} INFO - Task exited with return code 0
[2026-01-29T00:00:28.860+0000] {taskinstance.py:3503} INFO - 1 downstream tasks scheduled from follow-on schedule check
[2026-01-29T00:00:28.863+0000] {local_task_job_runner.py:222} INFO - ::endgroup::
