[2026-01-29T00:00:09.357+0000] {local_task_job_runner.py:120} INFO - ::group::Pre task execution logs
[2026-01-29T00:00:09.395+0000] {taskinstance.py:2076} INFO - Dependencies all met for dep_context=non-requeueable deps ti=<TaskInstance: tutorial.templated scheduled__2026-01-28T00:00:00+00:00 [queued]>
[2026-01-29T00:00:09.406+0000] {taskinstance.py:2076} INFO - Dependencies all met for dep_context=requeueable deps ti=<TaskInstance: tutorial.templated scheduled__2026-01-28T00:00:00+00:00 [queued]>
[2026-01-29T00:00:09.407+0000] {taskinstance.py:2306} INFO - Starting attempt 1 of 2
[2026-01-29T00:00:09.428+0000] {taskinstance.py:2330} INFO - Executing <Task(BashOperator): templated> on 2026-01-28 00:00:00+00:00
[2026-01-29T00:00:09.437+0000] {warnings.py:112} WARNING - /home/***/.local/lib/python3.12/site-packages/***/task/task_runner/standard_task_runner.py:62: DeprecationWarning: This process (pid=12632) is multi-threaded, use of fork() may lead to deadlocks in the child.
  pid = os.fork()

[2026-01-29T00:00:09.439+0000] {standard_task_runner.py:64} INFO - Started process 12648 to run task
[2026-01-29T00:00:09.439+0000] {standard_task_runner.py:90} INFO - Running: ['***', 'tasks', 'run', 'tutorial', 'templated', 'scheduled__2026-01-28T00:00:00+00:00', '--job-id', '1943', '--raw', '--subdir', '/home/***/.local/lib/python3.12/site-packages/***/example_dags/tutorial.py', '--cfg-path', '/tmp/tmpkl90ovx0']
[2026-01-29T00:00:09.442+0000] {standard_task_runner.py:91} INFO - Job 1943: Subtask templated
[2026-01-29T00:00:09.496+0000] {task_command.py:426} INFO - Running <TaskInstance: tutorial.templated scheduled__2026-01-28T00:00:00+00:00 [running]> on host f2808779f3b0
[2026-01-29T00:00:09.631+0000] {taskinstance.py:2648} INFO - Exporting env vars: AIRFLOW_CTX_DAG_EMAIL='***@example.com' AIRFLOW_CTX_DAG_OWNER='***' AIRFLOW_CTX_DAG_ID='tutorial' AIRFLOW_CTX_TASK_ID='templated' AIRFLOW_CTX_EXECUTION_DATE='2026-01-28T00:00:00+00:00' AIRFLOW_CTX_TRY_NUMBER='1' AIRFLOW_CTX_DAG_RUN_ID='scheduled__2026-01-28T00:00:00+00:00'
[2026-01-29T00:00:09.633+0000] {taskinstance.py:430} INFO - ::endgroup::
[2026-01-29T00:00:09.633+0000] {subprocess.py:63} INFO - Tmp dir root location: /tmp
[2026-01-29T00:00:09.634+0000] {subprocess.py:75} INFO - Running command: ['/usr/bin/bash', '-c', '\n\n    echo "2026-01-28"\n    echo "2026-02-04"\n\n    echo "2026-01-28"\n    echo "2026-02-04"\n\n    echo "2026-01-28"\n    echo "2026-02-04"\n\n    echo "2026-01-28"\n    echo "2026-02-04"\n\n    echo "2026-01-28"\n    echo "2026-02-04"\n']
[2026-01-29T00:00:09.650+0000] {subprocess.py:86} INFO - Output:
[2026-01-29T00:00:09.651+0000] {subprocess.py:93} INFO - 2026-01-28
[2026-01-29T00:00:09.652+0000] {subprocess.py:93} INFO - 2026-02-04
[2026-01-29T00:00:09.652+0000] {subprocess.py:93} INFO - 2026-01-28
[2026-01-29T00:00:09.652+0000] {subprocess.py:93} INFO - 2026-02-04
[2026-01-29T00:00:09.652+0000] {subprocess.py:93} INFO - 2026-01-28
[2026-01-29T00:00:09.653+0000] {subprocess.py:93} INFO - 2026-02-04
[2026-01-29T00:00:09.653+0000] {subprocess.py:93} INFO - 2026-01-28
[2026-01-29T00:00:09.653+0000] {subprocess.py:93} INFO - 2026-02-04
[2026-01-29T00:00:09.653+0000] {subprocess.py:93} INFO - 2026-01-28
[2026-01-29T00:00:09.654+0000] {subprocess.py:93} INFO - 2026-02-04
[2026-01-29T00:00:09.654+0000] {subprocess.py:97} INFO - Command exited with return code 0
[2026-01-29T00:00:09.654+0000] {taskinstance.py:441} INFO - ::group::Post task execution logs
[2026-01-29T00:00:09.678+0000] {taskinstance.py:1206} INFO - Marking task as SUCCESS. dag_id=tutorial, task_id=templated, run_id=scheduled__2026-01-28T00:00:00+00:00, execution_date=20260128T000000, start_date=20260129T000009, end_date=20260129T000009
[2026-01-29T00:00:09.733+0000] {local_task_job_runner.py:243} INFO - Task exited with return code 0
[2026-01-29T00:00:09.749+0000] {taskinstance.py:3503} INFO - 0 downstream tasks scheduled from follow-on schedule check
[2026-01-29T00:00:09.753+0000] {local_task_job_runner.py:222} INFO - ::endgroup::
