[2026-01-28T16:38:58.668+0000] {local_task_job_runner.py:120} INFO - ::group::Pre task execution logs
[2026-01-28T16:38:58.690+0000] {taskinstance.py:2076} INFO - Dependencies all met for dep_context=non-requeueable deps ti=<TaskInstance: consume_1_or_2_with_dataset_expressions.consume_1_or_2_with_dataset_expressions manual__2026-01-28T16:38:56.338908+00:00 [queued]>
[2026-01-28T16:38:58.698+0000] {taskinstance.py:2076} INFO - Dependencies all met for dep_context=requeueable deps ti=<TaskInstance: consume_1_or_2_with_dataset_expressions.consume_1_or_2_with_dataset_expressions manual__2026-01-28T16:38:56.338908+00:00 [queued]>
[2026-01-28T16:38:58.698+0000] {taskinstance.py:2306} INFO - Starting attempt 1 of 1
[2026-01-28T16:38:58.712+0000] {taskinstance.py:2330} INFO - Executing <Task(BashOperator): consume_1_or_2_with_dataset_expressions> on 2026-01-28 16:38:56.338908+00:00
[2026-01-28T16:38:58.718+0000] {warnings.py:112} WARNING - /home/***/.local/lib/python3.12/site-packages/***/task/task_runner/standard_task_runner.py:62: DeprecationWarning: This process (pid=1607) is multi-threaded, use of fork() may lead to deadlocks in the child.
  pid = os.fork()

[2026-01-28T16:38:58.719+0000] {standard_task_runner.py:64} INFO - Started process 1609 to run task
[2026-01-28T16:38:58.719+0000] {standard_task_runner.py:90} INFO - Running: ['***', 'tasks', 'run', 'consume_1_or_2_with_dataset_expressions', 'consume_1_or_2_with_dataset_expressions', 'manual__2026-01-28T16:38:56.338908+00:00', '--job-id', '150', '--raw', '--subdir', '/home/***/.local/lib/python3.12/site-packages/***/example_dags/example_datasets.py', '--cfg-path', '/tmp/tmpgmq7dnxb']
[2026-01-28T16:38:58.722+0000] {standard_task_runner.py:91} INFO - Job 150: Subtask consume_1_or_2_with_dataset_expressions
[2026-01-28T16:38:58.766+0000] {task_command.py:426} INFO - Running <TaskInstance: consume_1_or_2_with_dataset_expressions.consume_1_or_2_with_dataset_expressions manual__2026-01-28T16:38:56.338908+00:00 [running]> on host f2808779f3b0
[2026-01-28T16:38:58.861+0000] {taskinstance.py:2648} INFO - Exporting env vars: AIRFLOW_CTX_DAG_OWNER='***' AIRFLOW_CTX_DAG_ID='consume_1_or_2_with_dataset_expressions' AIRFLOW_CTX_TASK_ID='consume_1_or_2_with_dataset_expressions' AIRFLOW_CTX_EXECUTION_DATE='2026-01-28T16:38:56.338908+00:00' AIRFLOW_CTX_TRY_NUMBER='1' AIRFLOW_CTX_DAG_RUN_ID='manual__2026-01-28T16:38:56.338908+00:00'
[2026-01-28T16:38:58.863+0000] {taskinstance.py:430} INFO - ::endgroup::
[2026-01-28T16:38:58.864+0000] {subprocess.py:63} INFO - Tmp dir root location: /tmp
[2026-01-28T16:38:58.864+0000] {subprocess.py:75} INFO - Running command: ['/usr/bin/bash', '-c', 'sleep 5']
[2026-01-28T16:38:58.876+0000] {subprocess.py:86} INFO - Output:
[2026-01-28T16:39:03.879+0000] {subprocess.py:97} INFO - Command exited with return code 0
[2026-01-28T16:39:03.880+0000] {taskinstance.py:441} INFO - ::group::Post task execution logs
[2026-01-28T16:39:03.923+0000] {taskinstance.py:1206} INFO - Marking task as SUCCESS. dag_id=consume_1_or_2_with_dataset_expressions, task_id=consume_1_or_2_with_dataset_expressions, run_id=manual__2026-01-28T16:38:56.338908+00:00, execution_date=20260128T163856, start_date=20260128T163858, end_date=20260128T163903
[2026-01-28T16:39:03.978+0000] {local_task_job_runner.py:243} INFO - Task exited with return code 0
[2026-01-28T16:39:03.993+0000] {taskinstance.py:3503} INFO - 0 downstream tasks scheduled from follow-on schedule check
[2026-01-28T16:39:03.996+0000] {local_task_job_runner.py:222} INFO - ::endgroup::
