[2026-01-28T16:11:23.012+0000] {local_task_job_runner.py:120} INFO - ::group::Pre task execution logs
[2026-01-28T16:11:23.043+0000] {taskinstance.py:2076} INFO - Dependencies all met for dep_context=non-requeueable deps ti=<TaskInstance: tutorial.print_date scheduled__2026-01-27T00:00:00+00:00 [queued]>
[2026-01-28T16:11:23.050+0000] {taskinstance.py:2076} INFO - Dependencies all met for dep_context=requeueable deps ti=<TaskInstance: tutorial.print_date scheduled__2026-01-27T00:00:00+00:00 [queued]>
[2026-01-28T16:11:23.051+0000] {taskinstance.py:2306} INFO - Starting attempt 1 of 2
[2026-01-28T16:11:23.071+0000] {taskinstance.py:2330} INFO - Executing <Task(BashOperator): print_date> on 2026-01-27 00:00:00+00:00
[2026-01-28T16:11:23.077+0000] {warnings.py:112} WARNING - /home/***/.local/lib/python3.12/site-packages/***/task/task_runner/standard_task_runner.py:62: DeprecationWarning: This process (pid=796) is multi-threaded, use of fork() may lead to deadlocks in the child.
  pid = os.fork()

[2026-01-28T16:11:23.078+0000] {standard_task_runner.py:64} INFO - Started process 803 to run task
[2026-01-28T16:11:23.079+0000] {standard_task_runner.py:90} INFO - Running: ['***', 'tasks', 'run', 'tutorial', 'print_date', 'scheduled__2026-01-27T00:00:00+00:00', '--job-id', '37', '--raw', '--subdir', '/home/***/.local/lib/python3.12/site-packages/***/example_dags/tutorial.py', '--cfg-path', '/tmp/tmp64g4qr55']
[2026-01-28T16:11:23.081+0000] {standard_task_runner.py:91} INFO - Job 37: Subtask print_date
[2026-01-28T16:11:23.132+0000] {task_command.py:426} INFO - Running <TaskInstance: tutorial.print_date scheduled__2026-01-27T00:00:00+00:00 [running]> on host f2808779f3b0
[2026-01-28T16:11:23.231+0000] {taskinstance.py:2648} INFO - Exporting env vars: AIRFLOW_CTX_DAG_EMAIL='***@example.com' AIRFLOW_CTX_DAG_OWNER='***' AIRFLOW_CTX_DAG_ID='tutorial' AIRFLOW_CTX_TASK_ID='print_date' AIRFLOW_CTX_EXECUTION_DATE='2026-01-27T00:00:00+00:00' AIRFLOW_CTX_TRY_NUMBER='1' AIRFLOW_CTX_DAG_RUN_ID='scheduled__2026-01-27T00:00:00+00:00'
[2026-01-28T16:11:23.233+0000] {taskinstance.py:430} INFO - ::endgroup::
[2026-01-28T16:11:23.234+0000] {subprocess.py:63} INFO - Tmp dir root location: /tmp
[2026-01-28T16:11:23.235+0000] {subprocess.py:75} INFO - Running command: ['/usr/bin/bash', '-c', 'date']
[2026-01-28T16:11:23.248+0000] {subprocess.py:86} INFO - Output:
[2026-01-28T16:11:23.252+0000] {subprocess.py:93} INFO - Wed Jan 28 16:11:23 UTC 2026
[2026-01-28T16:11:23.252+0000] {subprocess.py:97} INFO - Command exited with return code 0
[2026-01-28T16:11:23.253+0000] {taskinstance.py:441} INFO - ::group::Post task execution logs
[2026-01-28T16:11:23.280+0000] {taskinstance.py:1206} INFO - Marking task as SUCCESS. dag_id=tutorial, task_id=print_date, run_id=scheduled__2026-01-27T00:00:00+00:00, execution_date=20260127T000000, start_date=20260128T161123, end_date=20260128T161123
[2026-01-28T16:11:23.332+0000] {local_task_job_runner.py:243} INFO - Task exited with return code 0
[2026-01-28T16:11:23.359+0000] {taskinstance.py:3503} INFO - 2 downstream tasks scheduled from follow-on schedule check
[2026-01-28T16:11:23.363+0000] {local_task_job_runner.py:222} INFO - ::endgroup::
