[2026-01-28T16:11:05.013+0000] {local_task_job_runner.py:120} INFO - ::group::Pre task execution logs
[2026-01-28T16:11:05.048+0000] {taskinstance.py:2076} INFO - Dependencies all met for dep_context=non-requeueable deps ti=<TaskInstance: example_branch_operator.branch_d scheduled__2026-01-27T00:00:00+00:00 [queued]>
[2026-01-28T16:11:05.057+0000] {taskinstance.py:2076} INFO - Dependencies all met for dep_context=requeueable deps ti=<TaskInstance: example_branch_operator.branch_d scheduled__2026-01-27T00:00:00+00:00 [queued]>
[2026-01-28T16:11:05.057+0000] {taskinstance.py:2306} INFO - Starting attempt 1 of 1
[2026-01-28T16:11:05.072+0000] {taskinstance.py:2330} INFO - Executing <Task(PythonOperator): branch_d> on 2026-01-27 00:00:00+00:00
[2026-01-28T16:11:05.078+0000] {warnings.py:112} WARNING - /home/***/.local/lib/python3.12/site-packages/***/task/task_runner/standard_task_runner.py:62: DeprecationWarning: This process (pid=715) is multi-threaded, use of fork() may lead to deadlocks in the child.
  pid = os.fork()

[2026-01-28T16:11:05.080+0000] {standard_task_runner.py:64} INFO - Started process 718 to run task
[2026-01-28T16:11:05.080+0000] {standard_task_runner.py:90} INFO - Running: ['***', 'tasks', 'run', 'example_branch_operator', 'branch_d', 'scheduled__2026-01-27T00:00:00+00:00', '--job-id', '22', '--raw', '--subdir', '/home/***/.local/lib/python3.12/site-packages/***/example_dags/example_branch_operator.py', '--cfg-path', '/tmp/tmpc3rups7c']
[2026-01-28T16:11:05.083+0000] {standard_task_runner.py:91} INFO - Job 22: Subtask branch_d
[2026-01-28T16:11:05.138+0000] {task_command.py:426} INFO - Running <TaskInstance: example_branch_operator.branch_d scheduled__2026-01-27T00:00:00+00:00 [running]> on host f2808779f3b0
[2026-01-28T16:11:05.232+0000] {taskinstance.py:2648} INFO - Exporting env vars: AIRFLOW_CTX_DAG_OWNER='***' AIRFLOW_CTX_DAG_ID='example_branch_operator' AIRFLOW_CTX_TASK_ID='branch_d' AIRFLOW_CTX_EXECUTION_DATE='2026-01-27T00:00:00+00:00' AIRFLOW_CTX_TRY_NUMBER='1' AIRFLOW_CTX_DAG_RUN_ID='scheduled__2026-01-27T00:00:00+00:00'
[2026-01-28T16:11:05.234+0000] {taskinstance.py:430} INFO - ::endgroup::
[2026-01-28T16:11:05.235+0000] {logging_mixin.py:188} INFO - Hello World
[2026-01-28T16:11:05.235+0000] {python.py:237} INFO - Done. Returned value was: None
[2026-01-28T16:11:05.235+0000] {taskinstance.py:441} INFO - ::group::Post task execution logs
[2026-01-28T16:11:05.246+0000] {taskinstance.py:1206} INFO - Marking task as SUCCESS. dag_id=example_branch_operator, task_id=branch_d, run_id=scheduled__2026-01-27T00:00:00+00:00, execution_date=20260127T000000, start_date=20260128T161105, end_date=20260128T161105
[2026-01-28T16:11:05.294+0000] {local_task_job_runner.py:243} INFO - Task exited with return code 0
[2026-01-28T16:11:05.330+0000] {taskinstance.py:3503} INFO - 0 downstream tasks scheduled from follow-on schedule check
[2026-01-28T16:11:05.334+0000] {local_task_job_runner.py:222} INFO - ::endgroup::
