[2026-01-29T00:00:19.232+0000] {local_task_job_runner.py:120} INFO - ::group::Pre task execution logs
[2026-01-29T00:00:19.260+0000] {taskinstance.py:2076} INFO - Dependencies all met for dep_context=non-requeueable deps ti=<TaskInstance: example_branch_operator.ext_py_a scheduled__2026-01-28T00:00:00+00:00 [queued]>
[2026-01-29T00:00:19.269+0000] {taskinstance.py:2076} INFO - Dependencies all met for dep_context=requeueable deps ti=<TaskInstance: example_branch_operator.ext_py_a scheduled__2026-01-28T00:00:00+00:00 [queued]>
[2026-01-29T00:00:19.270+0000] {taskinstance.py:2306} INFO - Starting attempt 1 of 1
[2026-01-29T00:00:19.289+0000] {taskinstance.py:2330} INFO - Executing <Task(ExternalPythonOperator): ext_py_a> on 2026-01-28 00:00:00+00:00
[2026-01-29T00:00:19.296+0000] {warnings.py:112} WARNING - /home/***/.local/lib/python3.12/site-packages/***/task/task_runner/standard_task_runner.py:62: DeprecationWarning: This process (pid=12696) is multi-threaded, use of fork() may lead to deadlocks in the child.
  pid = os.fork()

[2026-01-29T00:00:19.298+0000] {standard_task_runner.py:64} INFO - Started process 12700 to run task
[2026-01-29T00:00:19.297+0000] {standard_task_runner.py:90} INFO - Running: ['***', 'tasks', 'run', 'example_branch_operator', 'ext_py_a', 'scheduled__2026-01-28T00:00:00+00:00', '--job-id', '1953', '--raw', '--subdir', '/home/***/.local/lib/python3.12/site-packages/***/example_dags/example_branch_operator.py', '--cfg-path', '/tmp/tmpbbmtvz18']
[2026-01-29T00:00:19.300+0000] {standard_task_runner.py:91} INFO - Job 1953: Subtask ext_py_a
[2026-01-29T00:00:19.349+0000] {task_command.py:426} INFO - Running <TaskInstance: example_branch_operator.ext_py_a scheduled__2026-01-28T00:00:00+00:00 [running]> on host f2808779f3b0
[2026-01-29T00:00:19.453+0000] {taskinstance.py:2648} INFO - Exporting env vars: AIRFLOW_CTX_DAG_OWNER='***' AIRFLOW_CTX_DAG_ID='example_branch_operator' AIRFLOW_CTX_TASK_ID='ext_py_a' AIRFLOW_CTX_EXECUTION_DATE='2026-01-28T00:00:00+00:00' AIRFLOW_CTX_TRY_NUMBER='1' AIRFLOW_CTX_DAG_RUN_ID='scheduled__2026-01-28T00:00:00+00:00'
[2026-01-29T00:00:19.455+0000] {taskinstance.py:430} INFO - ::endgroup::
[2026-01-29T00:00:19.839+0000] {baseoperator.py:400} WARNING - ExternalPythonOperator.execute cannot be called outside TaskInstance!
[2026-01-29T00:00:19.918+0000] {process_utils.py:183} INFO - Executing cmd: /home/***/.local/bin/python /tmp/venv-callsm2cwp2d/script.py /tmp/venv-callsm2cwp2d/script.in /tmp/venv-callsm2cwp2d/script.out /tmp/venv-callsm2cwp2d/string_args.txt /tmp/venv-callsm2cwp2d/termination.log
[2026-01-29T00:00:19.919+0000] {process_utils.py:187} INFO - Output:
[2026-01-29T00:00:21.728+0000] {process_utils.py:191} INFO - /home/***/.local/lib/python3.12/site-packages/***/metrics/statsd_logger.py:184 RemovedInAirflow3Warning: The basic metric validator will be deprecated in the future in favor of pattern-matching.  You can try this now by setting config option metrics_use_pattern_match to True.
[2026-01-29T00:00:22.480+0000] {process_utils.py:191} INFO - Hello World from external Python
[2026-01-29T00:00:22.811+0000] {python.py:237} INFO - Done. Returned value was: None
[2026-01-29T00:00:22.811+0000] {taskinstance.py:441} INFO - ::group::Post task execution logs
[2026-01-29T00:00:22.820+0000] {taskinstance.py:1206} INFO - Marking task as SUCCESS. dag_id=example_branch_operator, task_id=ext_py_a, run_id=scheduled__2026-01-28T00:00:00+00:00, execution_date=20260128T000000, start_date=20260129T000019, end_date=20260129T000022
[2026-01-29T00:00:22.839+0000] {local_task_job_runner.py:243} INFO - Task exited with return code 0
[2026-01-29T00:00:22.869+0000] {taskinstance.py:3503} INFO - 0 downstream tasks scheduled from follow-on schedule check
[2026-01-29T00:00:22.872+0000] {local_task_job_runner.py:222} INFO - ::endgroup::
