[2026-01-29T01:08:01.932+0000] {local_task_job_runner.py:120} INFO - ::group::Pre task execution logs
[2026-01-29T01:08:01.973+0000] {taskinstance.py:2076} INFO - Dependencies all met for dep_context=non-requeueable deps ti=<TaskInstance: example_branch_dop_operator_v3.should_run scheduled__2026-01-29T01:07:00+00:00 [queued]>
[2026-01-29T01:08:01.984+0000] {taskinstance.py:2076} INFO - Dependencies all met for dep_context=requeueable deps ti=<TaskInstance: example_branch_dop_operator_v3.should_run scheduled__2026-01-29T01:07:00+00:00 [queued]>
[2026-01-29T01:08:01.985+0000] {taskinstance.py:2306} INFO - Starting attempt 1 of 1
[2026-01-29T01:08:02.006+0000] {taskinstance.py:2330} INFO - Executing <Task(_BranchPythonDecoratedOperator): should_run> on 2026-01-29 01:07:00+00:00
[2026-01-29T01:08:02.015+0000] {warnings.py:112} WARNING - /home/***/.local/lib/python3.12/site-packages/***/task/task_runner/standard_task_runner.py:62: DeprecationWarning: This process (pid=14457) is multi-threaded, use of fork() may lead to deadlocks in the child.
  pid = os.fork()

[2026-01-29T01:08:02.016+0000] {standard_task_runner.py:64} INFO - Started process 14464 to run task
[2026-01-29T01:08:02.016+0000] {standard_task_runner.py:90} INFO - Running: ['***', 'tasks', 'run', 'example_branch_dop_operator_v3', 'should_run', 'scheduled__2026-01-29T01:07:00+00:00', '--job-id', '2226', '--raw', '--subdir', '/home/***/.local/lib/python3.12/site-packages/***/example_dags/example_branch_python_dop_operator_3.py', '--cfg-path', '/tmp/tmpleulp3sb']
[2026-01-29T01:08:02.019+0000] {standard_task_runner.py:91} INFO - Job 2226: Subtask should_run
[2026-01-29T01:08:02.080+0000] {task_command.py:426} INFO - Running <TaskInstance: example_branch_dop_operator_v3.should_run scheduled__2026-01-29T01:07:00+00:00 [running]> on host f2808779f3b0
[2026-01-29T01:08:02.205+0000] {taskinstance.py:2648} INFO - Exporting env vars: AIRFLOW_CTX_DAG_OWNER='***' AIRFLOW_CTX_DAG_ID='example_branch_dop_operator_v3' AIRFLOW_CTX_TASK_ID='should_run' AIRFLOW_CTX_EXECUTION_DATE='2026-01-29T01:07:00+00:00' AIRFLOW_CTX_TRY_NUMBER='1' AIRFLOW_CTX_DAG_RUN_ID='scheduled__2026-01-29T01:07:00+00:00'
[2026-01-29T01:08:02.206+0000] {taskinstance.py:430} INFO - ::endgroup::
[2026-01-29T01:08:02.207+0000] {warnings.py:112} WARNING - /home/***/.local/lib/python3.12/site-packages/***/utils/context.py:320: AirflowContextDeprecationWarning: Accessing 'execution_date' from the template is deprecated and will be removed in a future version. Please use 'data_interval_start' or 'logical_date' instead.
  warnings.warn(_create_deprecation_warning(k, replacements))

[2026-01-29T01:08:02.208+0000] {logging_mixin.py:188} INFO - ------------- exec dttm = 2026-01-29 01:07:00+00:00 and minute = 7
[2026-01-29T01:08:02.208+0000] {python.py:237} INFO - Done. Returned value was: empty_task_2
[2026-01-29T01:08:02.208+0000] {branch.py:36} INFO - Branch into empty_task_2
[2026-01-29T01:08:02.208+0000] {skipmixin.py:178} INFO - Following branch empty_task_2
[2026-01-29T01:08:02.226+0000] {skipmixin.py:246} INFO - Skipping tasks [('empty_task_1', -1)]
[2026-01-29T01:08:02.256+0000] {taskinstance.py:441} INFO - ::group::Post task execution logs
[2026-01-29T01:08:02.278+0000] {taskinstance.py:1206} INFO - Marking task as SUCCESS. dag_id=example_branch_dop_operator_v3, task_id=should_run, run_id=scheduled__2026-01-29T01:07:00+00:00, execution_date=20260129T010700, start_date=20260129T010801, end_date=20260129T010802
[2026-01-29T01:08:02.314+0000] {local_task_job_runner.py:243} INFO - Task exited with return code 0
[2026-01-29T01:08:02.343+0000] {taskinstance.py:3503} INFO - 0 downstream tasks scheduled from follow-on schedule check
[2026-01-29T01:08:02.345+0000] {local_task_job_runner.py:222} INFO - ::endgroup::
