[2026-01-29T00:00:05.023+0000] {local_task_job_runner.py:120} INFO - ::group::Pre task execution logs
[2026-01-29T00:00:05.095+0000] {taskinstance.py:2076} INFO - Dependencies all met for dep_context=non-requeueable deps ti=<TaskInstance: example_nested_branch_dag.branch_1 scheduled__2026-01-28T00:00:00+00:00 [queued]>
[2026-01-29T00:00:05.125+0000] {taskinstance.py:2076} INFO - Dependencies all met for dep_context=requeueable deps ti=<TaskInstance: example_nested_branch_dag.branch_1 scheduled__2026-01-28T00:00:00+00:00 [queued]>
[2026-01-29T00:00:05.126+0000] {taskinstance.py:2306} INFO - Starting attempt 1 of 1
[2026-01-29T00:00:05.450+0000] {taskinstance.py:2330} INFO - Executing <Task(_BranchPythonDecoratedOperator): branch_1> on 2026-01-28 00:00:00+00:00
[2026-01-29T00:00:05.460+0000] {warnings.py:112} WARNING - /home/***/.local/lib/python3.12/site-packages/***/task/task_runner/standard_task_runner.py:62: DeprecationWarning: This process (pid=12576) is multi-threaded, use of fork() may lead to deadlocks in the child.
  pid = os.fork()

[2026-01-29T00:00:05.462+0000] {standard_task_runner.py:64} INFO - Started process 12609 to run task
[2026-01-29T00:00:05.483+0000] {standard_task_runner.py:90} INFO - Running: ['***', 'tasks', 'run', 'example_nested_branch_dag', 'branch_1', 'scheduled__2026-01-28T00:00:00+00:00', '--job-id', '1925', '--raw', '--subdir', '/home/***/.local/lib/python3.12/site-packages/***/example_dags/example_nested_branch_dag.py', '--cfg-path', '/tmp/tmpbs17byxl']
[2026-01-29T00:00:05.486+0000] {standard_task_runner.py:91} INFO - Job 1925: Subtask branch_1
[2026-01-29T00:00:05.638+0000] {task_command.py:426} INFO - Running <TaskInstance: example_nested_branch_dag.branch_1 scheduled__2026-01-28T00:00:00+00:00 [running]> on host f2808779f3b0
[2026-01-29T00:00:05.903+0000] {taskinstance.py:2648} INFO - Exporting env vars: AIRFLOW_CTX_DAG_OWNER='***' AIRFLOW_CTX_DAG_ID='example_nested_branch_dag' AIRFLOW_CTX_TASK_ID='branch_1' AIRFLOW_CTX_EXECUTION_DATE='2026-01-28T00:00:00+00:00' AIRFLOW_CTX_TRY_NUMBER='1' AIRFLOW_CTX_DAG_RUN_ID='scheduled__2026-01-28T00:00:00+00:00'
[2026-01-29T00:00:05.906+0000] {taskinstance.py:430} INFO - ::endgroup::
[2026-01-29T00:00:05.907+0000] {python.py:237} INFO - Done. Returned value was: true_1
[2026-01-29T00:00:05.907+0000] {branch.py:36} INFO - Branch into true_1
[2026-01-29T00:00:05.907+0000] {skipmixin.py:178} INFO - Following branch true_1
[2026-01-29T00:00:05.972+0000] {skipmixin.py:246} INFO - Skipping tasks [('false_1', -1)]
[2026-01-29T00:00:06.073+0000] {taskinstance.py:441} INFO - ::group::Post task execution logs
[2026-01-29T00:00:06.168+0000] {taskinstance.py:1206} INFO - Marking task as SUCCESS. dag_id=example_nested_branch_dag, task_id=branch_1, run_id=scheduled__2026-01-28T00:00:00+00:00, execution_date=20260128T000000, start_date=20260129T000005, end_date=20260129T000006
[2026-01-29T00:00:06.222+0000] {local_task_job_runner.py:243} INFO - Task exited with return code 0
[2026-01-29T00:00:06.347+0000] {taskinstance.py:3503} INFO - 0 downstream tasks scheduled from follow-on schedule check
[2026-01-29T00:00:06.365+0000] {local_task_job_runner.py:222} INFO - ::endgroup::
