[2026-01-29T00:00:06.025+0000] {local_task_job_runner.py:120} INFO - ::group::Pre task execution logs
[2026-01-29T00:00:06.095+0000] {taskinstance.py:2076} INFO - Dependencies all met for dep_context=non-requeueable deps ti=<TaskInstance: example_bash_operator.runme_1 scheduled__2026-01-28T00:00:00+00:00 [queued]>
[2026-01-29T00:00:06.112+0000] {taskinstance.py:2076} INFO - Dependencies all met for dep_context=requeueable deps ti=<TaskInstance: example_bash_operator.runme_1 scheduled__2026-01-28T00:00:00+00:00 [queued]>
[2026-01-29T00:00:06.113+0000] {taskinstance.py:2306} INFO - Starting attempt 1 of 1
[2026-01-29T00:00:06.161+0000] {taskinstance.py:2330} INFO - Executing <Task(BashOperator): runme_1> on 2026-01-28 00:00:00+00:00
[2026-01-29T00:00:06.177+0000] {warnings.py:112} WARNING - /home/***/.local/lib/python3.12/site-packages/***/task/task_runner/standard_task_runner.py:62: DeprecationWarning: This process (pid=12579) is multi-threaded, use of fork() may lead to deadlocks in the child.
  pid = os.fork()

[2026-01-29T00:00:06.179+0000] {standard_task_runner.py:64} INFO - Started process 12615 to run task
[2026-01-29T00:00:06.181+0000] {standard_task_runner.py:90} INFO - Running: ['***', 'tasks', 'run', 'example_bash_operator', 'runme_1', 'scheduled__2026-01-28T00:00:00+00:00', '--job-id', '1929', '--raw', '--subdir', '/home/***/.local/lib/python3.12/site-packages/***/example_dags/example_bash_operator.py', '--cfg-path', '/tmp/tmp46fuh86p']
[2026-01-29T00:00:06.185+0000] {standard_task_runner.py:91} INFO - Job 1929: Subtask runme_1
[2026-01-29T00:00:06.341+0000] {task_command.py:426} INFO - Running <TaskInstance: example_bash_operator.runme_1 scheduled__2026-01-28T00:00:00+00:00 [running]> on host f2808779f3b0
[2026-01-29T00:00:06.605+0000] {taskinstance.py:2648} INFO - Exporting env vars: AIRFLOW_CTX_DAG_OWNER='***' AIRFLOW_CTX_DAG_ID='example_bash_operator' AIRFLOW_CTX_TASK_ID='runme_1' AIRFLOW_CTX_EXECUTION_DATE='2026-01-28T00:00:00+00:00' AIRFLOW_CTX_TRY_NUMBER='1' AIRFLOW_CTX_DAG_RUN_ID='scheduled__2026-01-28T00:00:00+00:00'
[2026-01-29T00:00:06.607+0000] {taskinstance.py:430} INFO - ::endgroup::
[2026-01-29T00:00:06.608+0000] {subprocess.py:63} INFO - Tmp dir root location: /tmp
[2026-01-29T00:00:06.612+0000] {subprocess.py:75} INFO - Running command: ['/usr/bin/bash', '-c', 'echo "example_bash_operator__runme_1__20260128" && sleep 1']
[2026-01-29T00:00:06.632+0000] {subprocess.py:86} INFO - Output:
[2026-01-29T00:00:06.636+0000] {subprocess.py:93} INFO - example_bash_operator__runme_1__20260128
[2026-01-29T00:00:07.641+0000] {subprocess.py:97} INFO - Command exited with return code 0
[2026-01-29T00:00:07.642+0000] {taskinstance.py:441} INFO - ::group::Post task execution logs
[2026-01-29T00:00:07.701+0000] {taskinstance.py:1206} INFO - Marking task as SUCCESS. dag_id=example_bash_operator, task_id=runme_1, run_id=scheduled__2026-01-28T00:00:00+00:00, execution_date=20260128T000000, start_date=20260129T000006, end_date=20260129T000007
[2026-01-29T00:00:07.760+0000] {local_task_job_runner.py:243} INFO - Task exited with return code 0
[2026-01-29T00:00:07.774+0000] {local_task_job_runner.py:222} INFO - ::endgroup::
