[2026-01-28T15:39:26.076+0000] {local_task_job_runner.py:120} INFO - ::group::Pre task execution logs
[2026-01-28T15:39:26.106+0000] {taskinstance.py:2076} INFO - Dependencies all met for dep_context=non-requeueable deps ti=<TaskInstance: dataset_consumes_1.consuming_1 dataset_triggered__2026-01-28T15:39:23.909233+00:00 [queued]>
[2026-01-28T15:39:26.115+0000] {taskinstance.py:2076} INFO - Dependencies all met for dep_context=requeueable deps ti=<TaskInstance: dataset_consumes_1.consuming_1 dataset_triggered__2026-01-28T15:39:23.909233+00:00 [queued]>
[2026-01-28T15:39:26.115+0000] {taskinstance.py:2306} INFO - Starting attempt 1 of 1
[2026-01-28T15:39:26.135+0000] {taskinstance.py:2330} INFO - Executing <Task(BashOperator): consuming_1> on 2026-01-28 15:39:23.909233+00:00
[2026-01-28T15:39:26.144+0000] {warnings.py:112} WARNING - /home/***/.local/lib/python3.12/site-packages/***/task/task_runner/standard_task_runner.py:62: DeprecationWarning: This process (pid=265) is multi-threaded, use of fork() may lead to deadlocks in the child.
  pid = os.fork()

[2026-01-28T15:39:26.145+0000] {standard_task_runner.py:64} INFO - Started process 283 to run task
[2026-01-28T15:39:26.146+0000] {standard_task_runner.py:90} INFO - Running: ['***', 'tasks', 'run', 'dataset_consumes_1', 'consuming_1', 'dataset_triggered__2026-01-28T15:39:23.909233+00:00', '--job-id', '14', '--raw', '--subdir', '/home/***/.local/lib/python3.12/site-packages/***/example_dags/example_datasets.py', '--cfg-path', '/tmp/tmp0llrzh5i']
[2026-01-28T15:39:26.149+0000] {standard_task_runner.py:91} INFO - Job 14: Subtask consuming_1
[2026-01-28T15:39:26.204+0000] {task_command.py:426} INFO - Running <TaskInstance: dataset_consumes_1.consuming_1 dataset_triggered__2026-01-28T15:39:23.909233+00:00 [running]> on host f2808779f3b0
[2026-01-28T15:39:26.307+0000] {taskinstance.py:2648} INFO - Exporting env vars: AIRFLOW_CTX_DAG_OWNER='***' AIRFLOW_CTX_DAG_ID='dataset_consumes_1' AIRFLOW_CTX_TASK_ID='consuming_1' AIRFLOW_CTX_EXECUTION_DATE='2026-01-28T15:39:23.909233+00:00' AIRFLOW_CTX_TRY_NUMBER='1' AIRFLOW_CTX_DAG_RUN_ID='dataset_triggered__2026-01-28T15:39:23.909233+00:00'
[2026-01-28T15:39:26.309+0000] {taskinstance.py:430} INFO - ::endgroup::
[2026-01-28T15:39:26.310+0000] {subprocess.py:63} INFO - Tmp dir root location: /tmp
[2026-01-28T15:39:26.310+0000] {subprocess.py:75} INFO - Running command: ['/usr/bin/bash', '-c', 'sleep 5']
[2026-01-28T15:39:26.323+0000] {subprocess.py:86} INFO - Output:
[2026-01-28T15:39:31.326+0000] {subprocess.py:97} INFO - Command exited with return code 0
[2026-01-28T15:39:31.326+0000] {taskinstance.py:441} INFO - ::group::Post task execution logs
[2026-01-28T15:39:31.365+0000] {taskinstance.py:1206} INFO - Marking task as SUCCESS. dag_id=dataset_consumes_1, task_id=consuming_1, run_id=dataset_triggered__2026-01-28T15:39:23.909233+00:00, execution_date=20260128T153923, start_date=20260128T153926, end_date=20260128T153931
[2026-01-28T15:39:31.414+0000] {local_task_job_runner.py:243} INFO - Task exited with return code 0
[2026-01-28T15:39:31.428+0000] {taskinstance.py:3503} INFO - 0 downstream tasks scheduled from follow-on schedule check
[2026-01-28T15:39:31.430+0000] {local_task_job_runner.py:222} INFO - ::endgroup::
