[2026-01-28T15:22:20.481+0000] {local_task_job_runner.py:120} INFO - ::group::Pre task execution logs
[2026-01-28T15:22:20.506+0000] {taskinstance.py:2076} INFO - Dependencies all met for dep_context=non-requeueable deps ti=<TaskInstance: hello_world.hello_world_task manual__2026-01-28T15:22:19.172455+00:00 [queued]>
[2026-01-28T15:22:20.515+0000] {taskinstance.py:2076} INFO - Dependencies all met for dep_context=requeueable deps ti=<TaskInstance: hello_world.hello_world_task manual__2026-01-28T15:22:19.172455+00:00 [queued]>
[2026-01-28T15:22:20.515+0000] {taskinstance.py:2306} INFO - Starting attempt 1 of 1
[2026-01-28T15:22:20.531+0000] {taskinstance.py:2330} INFO - Executing <Task(PythonOperator): hello_world_task> on 2026-01-28 15:22:19.172455+00:00
[2026-01-28T15:22:20.536+0000] {warnings.py:112} WARNING - /home/***/.local/lib/python3.12/site-packages/***/task/task_runner/standard_task_runner.py:62: DeprecationWarning: This process (pid=1250) is multi-threaded, use of fork() may lead to deadlocks in the child.
  pid = os.fork()

[2026-01-28T15:22:20.537+0000] {standard_task_runner.py:64} INFO - Started process 1251 to run task
[2026-01-28T15:22:20.537+0000] {standard_task_runner.py:90} INFO - Running: ['***', 'tasks', 'run', 'hello_world', 'hello_world_task', 'manual__2026-01-28T15:22:19.172455+00:00', '--job-id', '5', '--raw', '--subdir', 'DAGS_FOLDER/hello_world.py', '--cfg-path', '/tmp/tmp00f3xgcr']
[2026-01-28T15:22:20.538+0000] {standard_task_runner.py:91} INFO - Job 5: Subtask hello_world_task
[2026-01-28T15:22:20.583+0000] {task_command.py:426} INFO - Running <TaskInstance: hello_world.hello_world_task manual__2026-01-28T15:22:19.172455+00:00 [running]> on host 822beb4f31ca
[2026-01-28T15:22:20.685+0000] {taskinstance.py:2648} INFO - Exporting env vars: AIRFLOW_CTX_DAG_OWNER='***' AIRFLOW_CTX_DAG_ID='hello_world' AIRFLOW_CTX_TASK_ID='hello_world_task' AIRFLOW_CTX_EXECUTION_DATE='2026-01-28T15:22:19.172455+00:00' AIRFLOW_CTX_TRY_NUMBER='1' AIRFLOW_CTX_DAG_RUN_ID='manual__2026-01-28T15:22:19.172455+00:00'
[2026-01-28T15:22:20.686+0000] {taskinstance.py:430} INFO - ::endgroup::
[2026-01-28T15:22:20.699+0000] {logging_mixin.py:188} INFO - 👋 Hello World from Airflow!
[2026-01-28T15:22:20.700+0000] {python.py:237} INFO - Done. Returned value was: None
[2026-01-28T15:22:20.700+0000] {taskinstance.py:441} INFO - ::group::Post task execution logs
[2026-01-28T15:22:20.712+0000] {taskinstance.py:1206} INFO - Marking task as SUCCESS. dag_id=hello_world, task_id=hello_world_task, run_id=manual__2026-01-28T15:22:19.172455+00:00, execution_date=20260128T152219, start_date=20260128T152220, end_date=20260128T152220
[2026-01-28T15:22:20.751+0000] {local_task_job_runner.py:243} INFO - Task exited with return code 0
[2026-01-28T15:22:20.772+0000] {taskinstance.py:3503} INFO - 0 downstream tasks scheduled from follow-on schedule check
[2026-01-28T15:22:20.775+0000] {local_task_job_runner.py:222} INFO - ::endgroup::
