[2026-01-28T15:39:26.099+0000] {local_task_job_runner.py:120} INFO - ::group::Pre task execution logs
[2026-01-28T15:39:26.125+0000] {taskinstance.py:2076} INFO - Dependencies all met for dep_context=non-requeueable deps ti=<TaskInstance: consume_1_or_both_2_and_3_with_dataset_expressions.consume_1_or_both_2_and_3_with_dataset_expressions dataset_triggered__2026-01-28T15:39:23.909229+00:00 [queued]>
[2026-01-28T15:39:26.135+0000] {taskinstance.py:2076} INFO - Dependencies all met for dep_context=requeueable deps ti=<TaskInstance: consume_1_or_both_2_and_3_with_dataset_expressions.consume_1_or_both_2_and_3_with_dataset_expressions dataset_triggered__2026-01-28T15:39:23.909229+00:00 [queued]>
[2026-01-28T15:39:26.135+0000] {taskinstance.py:2306} INFO - Starting attempt 1 of 1
[2026-01-28T15:39:26.158+0000] {taskinstance.py:2330} INFO - Executing <Task(BashOperator): consume_1_or_both_2_and_3_with_dataset_expressions> on 2026-01-28 15:39:23.909229+00:00
[2026-01-28T15:39:26.165+0000] {warnings.py:112} WARNING - /home/***/.local/lib/python3.12/site-packages/***/task/task_runner/standard_task_runner.py:62: DeprecationWarning: This process (pid=263) is multi-threaded, use of fork() may lead to deadlocks in the child.
  pid = os.fork()

[2026-01-28T15:39:26.167+0000] {standard_task_runner.py:64} INFO - Started process 284 to run task
[2026-01-28T15:39:26.167+0000] {standard_task_runner.py:90} INFO - Running: ['***', 'tasks', 'run', 'consume_1_or_both_2_and_3_with_dataset_expressions', 'consume_1_or_both_2_and_3_with_dataset_expressions', 'dataset_triggered__2026-01-28T15:39:23.909229+00:00', '--job-id', '15', '--raw', '--subdir', '/home/***/.local/lib/python3.12/site-packages/***/example_dags/example_datasets.py', '--cfg-path', '/tmp/tmpsd9y7hnc']
[2026-01-28T15:39:26.170+0000] {standard_task_runner.py:91} INFO - Job 15: Subtask consume_1_or_both_2_and_3_with_dataset_expressions
[2026-01-28T15:39:26.223+0000] {task_command.py:426} INFO - Running <TaskInstance: consume_1_or_both_2_and_3_with_dataset_expressions.consume_1_or_both_2_and_3_with_dataset_expressions dataset_triggered__2026-01-28T15:39:23.909229+00:00 [running]> on host f2808779f3b0
[2026-01-28T15:39:26.319+0000] {taskinstance.py:2648} INFO - Exporting env vars: AIRFLOW_CTX_DAG_OWNER='***' AIRFLOW_CTX_DAG_ID='consume_1_or_both_2_and_3_with_dataset_expressions' AIRFLOW_CTX_TASK_ID='consume_1_or_both_2_and_3_with_dataset_expressions' AIRFLOW_CTX_EXECUTION_DATE='2026-01-28T15:39:23.909229+00:00' AIRFLOW_CTX_TRY_NUMBER='1' AIRFLOW_CTX_DAG_RUN_ID='dataset_triggered__2026-01-28T15:39:23.909229+00:00'
[2026-01-28T15:39:26.321+0000] {taskinstance.py:430} INFO - ::endgroup::
[2026-01-28T15:39:26.322+0000] {subprocess.py:63} INFO - Tmp dir root location: /tmp
[2026-01-28T15:39:26.322+0000] {subprocess.py:75} INFO - Running command: ['/usr/bin/bash', '-c', 'sleep 5']
[2026-01-28T15:39:26.333+0000] {subprocess.py:86} INFO - Output:
[2026-01-28T15:39:31.336+0000] {subprocess.py:97} INFO - Command exited with return code 0
[2026-01-28T15:39:31.336+0000] {taskinstance.py:441} INFO - ::group::Post task execution logs
[2026-01-28T15:39:31.374+0000] {taskinstance.py:1206} INFO - Marking task as SUCCESS. dag_id=consume_1_or_both_2_and_3_with_dataset_expressions, task_id=consume_1_or_both_2_and_3_with_dataset_expressions, run_id=dataset_triggered__2026-01-28T15:39:23.909229+00:00, execution_date=20260128T153923, start_date=20260128T153926, end_date=20260128T153931
[2026-01-28T15:39:31.436+0000] {local_task_job_runner.py:243} INFO - Task exited with return code 0
[2026-01-28T15:39:31.452+0000] {taskinstance.py:3503} INFO - 0 downstream tasks scheduled from follow-on schedule check
[2026-01-28T15:39:31.456+0000] {local_task_job_runner.py:222} INFO - ::endgroup::
