[2026-01-28T15:15:37.311+0000] {local_task_job_runner.py:120} INFO - ::group::Pre task execution logs
[2026-01-28T15:15:37.337+0000] {taskinstance.py:2076} INFO - Dependencies all met for dep_context=non-requeueable deps ti=<TaskInstance: hello_world.hello_world_task manual__2026-01-28T15:15:35.562707+00:00 [queued]>
[2026-01-28T15:15:37.345+0000] {taskinstance.py:2076} INFO - Dependencies all met for dep_context=requeueable deps ti=<TaskInstance: hello_world.hello_world_task manual__2026-01-28T15:15:35.562707+00:00 [queued]>
[2026-01-28T15:15:37.345+0000] {taskinstance.py:2306} INFO - Starting attempt 1 of 1
[2026-01-28T15:15:37.363+0000] {taskinstance.py:2330} INFO - Executing <Task(PythonOperator): hello_world_task> on 2026-01-28 15:15:35.562707+00:00
[2026-01-28T15:15:37.368+0000] {warnings.py:112} WARNING - /home/***/.local/lib/python3.12/site-packages/***/task/task_runner/standard_task_runner.py:62: DeprecationWarning: This process (pid=1157) is multi-threaded, use of fork() may lead to deadlocks in the child.
  pid = os.fork()

[2026-01-28T15:15:37.369+0000] {standard_task_runner.py:64} INFO - Started process 1158 to run task
[2026-01-28T15:15:37.370+0000] {standard_task_runner.py:90} INFO - Running: ['***', 'tasks', 'run', 'hello_world', 'hello_world_task', 'manual__2026-01-28T15:15:35.562707+00:00', '--job-id', '4', '--raw', '--subdir', 'DAGS_FOLDER/hello_world.py', '--cfg-path', '/tmp/tmpwz7cf6kn']
[2026-01-28T15:15:37.371+0000] {standard_task_runner.py:91} INFO - Job 4: Subtask hello_world_task
[2026-01-28T15:15:37.419+0000] {task_command.py:426} INFO - Running <TaskInstance: hello_world.hello_world_task manual__2026-01-28T15:15:35.562707+00:00 [running]> on host 822beb4f31ca
[2026-01-28T15:15:37.509+0000] {taskinstance.py:2648} INFO - Exporting env vars: AIRFLOW_CTX_DAG_OWNER='***' AIRFLOW_CTX_DAG_ID='hello_world' AIRFLOW_CTX_TASK_ID='hello_world_task' AIRFLOW_CTX_EXECUTION_DATE='2026-01-28T15:15:35.562707+00:00' AIRFLOW_CTX_TRY_NUMBER='1' AIRFLOW_CTX_DAG_RUN_ID='manual__2026-01-28T15:15:35.562707+00:00'
[2026-01-28T15:15:37.510+0000] {taskinstance.py:430} INFO - ::endgroup::
[2026-01-28T15:15:37.536+0000] {logging_mixin.py:188} INFO - 👋 Hello World from Airflow!
[2026-01-28T15:15:37.536+0000] {python.py:237} INFO - Done. Returned value was: None
[2026-01-28T15:15:37.537+0000] {taskinstance.py:441} INFO - ::group::Post task execution logs
[2026-01-28T15:15:37.546+0000] {taskinstance.py:1206} INFO - Marking task as SUCCESS. dag_id=hello_world, task_id=hello_world_task, run_id=manual__2026-01-28T15:15:35.562707+00:00, execution_date=20260128T151535, start_date=20260128T151537, end_date=20260128T151537
[2026-01-28T15:15:37.583+0000] {local_task_job_runner.py:243} INFO - Task exited with return code 0
[2026-01-28T15:15:37.600+0000] {taskinstance.py:3503} INFO - 0 downstream tasks scheduled from follow-on schedule check
[2026-01-28T15:15:37.604+0000] {local_task_job_runner.py:222} INFO - ::endgroup::
