[2026-01-28T16:11:16.536+0000] {local_task_job_runner.py:120} INFO - ::group::Pre task execution logs
[2026-01-28T16:11:16.560+0000] {taskinstance.py:2076} INFO - Dependencies all met for dep_context=non-requeueable deps ti=<TaskInstance: example_task_group.section_1.task_2 scheduled__2026-01-27T00:00:00+00:00 [queued]>
[2026-01-28T16:11:16.569+0000] {taskinstance.py:2076} INFO - Dependencies all met for dep_context=requeueable deps ti=<TaskInstance: example_task_group.section_1.task_2 scheduled__2026-01-27T00:00:00+00:00 [queued]>
[2026-01-28T16:11:16.570+0000] {taskinstance.py:2306} INFO - Starting attempt 1 of 1
[2026-01-28T16:11:16.586+0000] {taskinstance.py:2330} INFO - Executing <Task(BashOperator): section_1.task_2> on 2026-01-27 00:00:00+00:00
[2026-01-28T16:11:16.594+0000] {warnings.py:112} WARNING - /home/***/.local/lib/python3.12/site-packages/***/task/task_runner/standard_task_runner.py:62: DeprecationWarning: This process (pid=760) is multi-threaded, use of fork() may lead to deadlocks in the child.
  pid = os.fork()

[2026-01-28T16:11:16.596+0000] {standard_task_runner.py:64} INFO - Started process 767 to run task
[2026-01-28T16:11:16.596+0000] {standard_task_runner.py:90} INFO - Running: ['***', 'tasks', 'run', 'example_task_group', 'section_1.task_2', 'scheduled__2026-01-27T00:00:00+00:00', '--job-id', '32', '--raw', '--subdir', '/home/***/.local/lib/python3.12/site-packages/***/example_dags/example_task_group.py', '--cfg-path', '/tmp/tmpncbqva3d']
[2026-01-28T16:11:16.599+0000] {standard_task_runner.py:91} INFO - Job 32: Subtask section_1.task_2
[2026-01-28T16:11:16.648+0000] {task_command.py:426} INFO - Running <TaskInstance: example_task_group.section_1.task_2 scheduled__2026-01-27T00:00:00+00:00 [running]> on host f2808779f3b0
[2026-01-28T16:11:16.758+0000] {taskinstance.py:2648} INFO - Exporting env vars: AIRFLOW_CTX_DAG_OWNER='***' AIRFLOW_CTX_DAG_ID='example_task_group' AIRFLOW_CTX_TASK_ID='section_1.task_2' AIRFLOW_CTX_EXECUTION_DATE='2026-01-27T00:00:00+00:00' AIRFLOW_CTX_TRY_NUMBER='1' AIRFLOW_CTX_DAG_RUN_ID='scheduled__2026-01-27T00:00:00+00:00'
[2026-01-28T16:11:16.761+0000] {taskinstance.py:430} INFO - ::endgroup::
[2026-01-28T16:11:16.762+0000] {subprocess.py:63} INFO - Tmp dir root location: /tmp
[2026-01-28T16:11:16.762+0000] {subprocess.py:75} INFO - Running command: ['/usr/bin/bash', '-c', 'echo 1']
[2026-01-28T16:11:16.776+0000] {subprocess.py:86} INFO - Output:
[2026-01-28T16:11:16.777+0000] {subprocess.py:93} INFO - 1
[2026-01-28T16:11:16.778+0000] {subprocess.py:97} INFO - Command exited with return code 0
[2026-01-28T16:11:16.779+0000] {taskinstance.py:441} INFO - ::group::Post task execution logs
[2026-01-28T16:11:16.810+0000] {taskinstance.py:1206} INFO - Marking task as SUCCESS. dag_id=example_task_group, task_id=section_1.task_2, run_id=scheduled__2026-01-27T00:00:00+00:00, execution_date=20260127T000000, start_date=20260128T161116, end_date=20260128T161116
[2026-01-28T16:11:16.850+0000] {local_task_job_runner.py:243} INFO - Task exited with return code 0
[2026-01-28T16:11:16.889+0000] {taskinstance.py:3503} INFO - 1 downstream tasks scheduled from follow-on schedule check
[2026-01-28T16:11:16.892+0000] {local_task_job_runner.py:222} INFO - ::endgroup::
