[2026-01-28T16:11:16.375+0000] {local_task_job_runner.py:120} INFO - ::group::Pre task execution logs
[2026-01-28T16:11:16.417+0000] {taskinstance.py:2076} INFO - Dependencies all met for dep_context=non-requeueable deps ti=<TaskInstance: example_branch_python_operator_decorator.ext_py_c scheduled__2026-01-27T00:00:00+00:00 [queued]>
[2026-01-28T16:11:16.432+0000] {taskinstance.py:2076} INFO - Dependencies all met for dep_context=requeueable deps ti=<TaskInstance: example_branch_python_operator_decorator.ext_py_c scheduled__2026-01-27T00:00:00+00:00 [queued]>
[2026-01-28T16:11:16.433+0000] {taskinstance.py:2306} INFO - Starting attempt 1 of 1
[2026-01-28T16:11:16.454+0000] {taskinstance.py:2330} INFO - Executing <Task(_PythonExternalDecoratedOperator): ext_py_c> on 2026-01-27 00:00:00+00:00
[2026-01-28T16:11:16.462+0000] {warnings.py:112} WARNING - /home/***/.local/lib/python3.12/site-packages/***/task/task_runner/standard_task_runner.py:62: DeprecationWarning: This process (pid=758) is multi-threaded, use of fork() may lead to deadlocks in the child.
  pid = os.fork()

[2026-01-28T16:11:16.463+0000] {standard_task_runner.py:64} INFO - Started process 765 to run task
[2026-01-28T16:11:16.463+0000] {standard_task_runner.py:90} INFO - Running: ['***', 'tasks', 'run', 'example_branch_python_operator_decorator', 'ext_py_c', 'scheduled__2026-01-27T00:00:00+00:00', '--job-id', '30', '--raw', '--subdir', '/home/***/.local/lib/python3.12/site-packages/***/example_dags/example_branch_operator_decorator.py', '--cfg-path', '/tmp/tmp_iihelkz']
[2026-01-28T16:11:16.466+0000] {standard_task_runner.py:91} INFO - Job 30: Subtask ext_py_c
[2026-01-28T16:11:16.522+0000] {task_command.py:426} INFO - Running <TaskInstance: example_branch_python_operator_decorator.ext_py_c scheduled__2026-01-27T00:00:00+00:00 [running]> on host f2808779f3b0
[2026-01-28T16:11:16.631+0000] {taskinstance.py:2648} INFO - Exporting env vars: AIRFLOW_CTX_DAG_OWNER='***' AIRFLOW_CTX_DAG_ID='example_branch_python_operator_decorator' AIRFLOW_CTX_TASK_ID='ext_py_c' AIRFLOW_CTX_EXECUTION_DATE='2026-01-27T00:00:00+00:00' AIRFLOW_CTX_TRY_NUMBER='1' AIRFLOW_CTX_DAG_RUN_ID='scheduled__2026-01-27T00:00:00+00:00'
[2026-01-28T16:11:16.634+0000] {taskinstance.py:430} INFO - ::endgroup::
[2026-01-28T16:11:17.127+0000] {process_utils.py:183} INFO - Executing cmd: /home/***/.local/bin/python /tmp/venv-callzv94wpqb/script.py /tmp/venv-callzv94wpqb/script.in /tmp/venv-callzv94wpqb/script.out /tmp/venv-callzv94wpqb/string_args.txt /tmp/venv-callzv94wpqb/termination.log
[2026-01-28T16:11:17.128+0000] {process_utils.py:187} INFO - Output:
[2026-01-28T16:11:19.234+0000] {process_utils.py:191} INFO - /home/***/.local/lib/python3.12/site-packages/***/metrics/statsd_logger.py:184 RemovedInAirflow3Warning: The basic metric validator will be deprecated in the future in favor of pattern-matching.  You can try this now by setting config option metrics_use_pattern_match to True.
[2026-01-28T16:11:19.982+0000] {process_utils.py:191} INFO - doing something in external Python
[2026-01-28T16:11:20.276+0000] {python.py:237} INFO - Done. Returned value was: None
[2026-01-28T16:11:20.276+0000] {taskinstance.py:441} INFO - ::group::Post task execution logs
[2026-01-28T16:11:20.288+0000] {taskinstance.py:1206} INFO - Marking task as SUCCESS. dag_id=example_branch_python_operator_decorator, task_id=ext_py_c, run_id=scheduled__2026-01-27T00:00:00+00:00, execution_date=20260127T000000, start_date=20260128T161116, end_date=20260128T161120
[2026-01-28T16:11:20.332+0000] {local_task_job_runner.py:243} INFO - Task exited with return code 0
[2026-01-28T16:11:20.363+0000] {taskinstance.py:3503} INFO - 0 downstream tasks scheduled from follow-on schedule check
[2026-01-28T16:11:20.367+0000] {local_task_job_runner.py:222} INFO - ::endgroup::
