[2026-01-28T15:39:24.305+0000] {local_task_job_runner.py:120} INFO - ::group::Pre task execution logs
[2026-01-28T15:39:24.343+0000] {taskinstance.py:2076} INFO - Dependencies all met for dep_context=non-requeueable deps ti=<TaskInstance: example_bash_operator.runme_0 scheduled__2026-01-27T00:00:00+00:00 [queued]>
[2026-01-28T15:39:24.358+0000] {taskinstance.py:2076} INFO - Dependencies all met for dep_context=requeueable deps ti=<TaskInstance: example_bash_operator.runme_0 scheduled__2026-01-27T00:00:00+00:00 [queued]>
[2026-01-28T15:39:24.358+0000] {taskinstance.py:2306} INFO - Starting attempt 1 of 1
[2026-01-28T15:39:24.385+0000] {taskinstance.py:2330} INFO - Executing <Task(BashOperator): runme_0> on 2026-01-27 00:00:00+00:00
[2026-01-28T15:39:24.397+0000] {warnings.py:112} WARNING - /home/***/.local/lib/python3.12/site-packages/***/task/task_runner/standard_task_runner.py:62: DeprecationWarning: This process (pid=250) is multi-threaded, use of fork() may lead to deadlocks in the child.
  pid = os.fork()

[2026-01-28T15:39:24.399+0000] {standard_task_runner.py:64} INFO - Started process 266 to run task
[2026-01-28T15:39:24.408+0000] {standard_task_runner.py:90} INFO - Running: ['***', 'tasks', 'run', 'example_bash_operator', 'runme_0', 'scheduled__2026-01-27T00:00:00+00:00', '--job-id', '7', '--raw', '--subdir', '/home/***/.local/lib/python3.12/site-packages/***/example_dags/example_bash_operator.py', '--cfg-path', '/tmp/tmp2tu0fppd']
[2026-01-28T15:39:24.411+0000] {standard_task_runner.py:91} INFO - Job 7: Subtask runme_0
[2026-01-28T15:39:24.526+0000] {task_command.py:426} INFO - Running <TaskInstance: example_bash_operator.runme_0 scheduled__2026-01-27T00:00:00+00:00 [running]> on host f2808779f3b0
[2026-01-28T15:39:24.740+0000] {taskinstance.py:2648} INFO - Exporting env vars: AIRFLOW_CTX_DAG_OWNER='***' AIRFLOW_CTX_DAG_ID='example_bash_operator' AIRFLOW_CTX_TASK_ID='runme_0' AIRFLOW_CTX_EXECUTION_DATE='2026-01-27T00:00:00+00:00' AIRFLOW_CTX_TRY_NUMBER='1' AIRFLOW_CTX_DAG_RUN_ID='scheduled__2026-01-27T00:00:00+00:00'
[2026-01-28T15:39:24.742+0000] {taskinstance.py:430} INFO - ::endgroup::
[2026-01-28T15:39:24.743+0000] {subprocess.py:63} INFO - Tmp dir root location: /tmp
[2026-01-28T15:39:24.744+0000] {subprocess.py:75} INFO - Running command: ['/usr/bin/bash', '-c', 'echo "example_bash_operator__runme_0__20260127" && sleep 1']
[2026-01-28T15:39:24.776+0000] {subprocess.py:86} INFO - Output:
[2026-01-28T15:39:24.778+0000] {subprocess.py:93} INFO - example_bash_operator__runme_0__20260127
[2026-01-28T15:39:25.781+0000] {subprocess.py:97} INFO - Command exited with return code 0
[2026-01-28T15:39:25.782+0000] {taskinstance.py:441} INFO - ::group::Post task execution logs
[2026-01-28T15:39:25.813+0000] {taskinstance.py:1206} INFO - Marking task as SUCCESS. dag_id=example_bash_operator, task_id=runme_0, run_id=scheduled__2026-01-27T00:00:00+00:00, execution_date=20260127T000000, start_date=20260128T153924, end_date=20260128T153925
[2026-01-28T15:39:25.869+0000] {local_task_job_runner.py:243} INFO - Task exited with return code 0
[2026-01-28T15:39:25.880+0000] {local_task_job_runner.py:222} INFO - ::endgroup::
